#
# There is insufficient memory for the Java Runtime Environment to continue.
# Native memory allocation (malloc) failed to allocate 433152 bytes. Error detail: Chunk::new
# Possible reasons:
#   The system is out of physical RAM or swap space
#   This process is running with CompressedOops enabled, and the Java Heap may be blocking the growth of the native heap
# Possible solutions:
#   Reduce memory load on the system
#   Increase physical memory or swap space
#   Check if swap backing store is full
#   Decrease Java heap size (-Xmx/-Xms)
#   Decrease number of Java threads
#   Decrease Java thread stack sizes (-Xss)
#   Set larger code cache with -XX:ReservedCodeCacheSize=
#   JVM is running with Unscaled Compressed Oops mode in which the Java heap is
#     placed in the first 4GB address space. The Java Heap base address is the
#     maximum limit for the native heap growth. Please use -XX:HeapBaseMinAddress
#     to set the Java Heap base and to place the Java Heap above 4GB virtual address.
# This output file may be truncated or incomplete.
#
#  Out of Memory Error (arena.cpp:191), pid=75508, tid=14780
#
# JRE version: OpenJDK Runtime Environment Temurin-17.0.15+6 (17.0.15+6) (build 17.0.15+6)
# Java VM: OpenJDK 64-Bit Server VM Temurin-17.0.15+6 (17.0.15+6, mixed mode, sharing, tiered, compressed oops, compressed class ptrs, g1 gc, windows-amd64)
# No core dump will be written. Minidumps are not enabled by default on client versions of Windows
#

---------------  S U M M A R Y ------------

Command Line: -Xmx64m -Xms64m -Dorg.gradle.appname=gradlew org.gradle.wrapper.GradleWrapperMain --stop

Host: Intel(R) Core(TM) i7-8700 CPU @ 3.20GHz, 12 cores, 31G,  Windows 10 , 64 bit Build 19041 (10.0.19041.292)
Time: Sat Nov  8 22:57:13 2025 Pacific Standard Time elapsed time: 0.522462 seconds (0d 0h 0m 0s)

---------------  T H R E A D  ---------------

Current thread (0x0000026abd93a1a0):  JavaThread "C2 CompilerThread1" daemon [_thread_in_native, id=14780, stack(0x00000077ea500000,0x00000077ea600000)]


Current CompileTask:
C2:    522  713 %     4       java.util.zip.ZipFile$Source::initCEN @ 261 (612 bytes)

Stack: [0x00000077ea500000,0x00000077ea600000]
Native frames: (J=compiled Java code, j=interpreted, Vv=VM code, C=native code)
V  [jvm.dll+0x682fc9]
V  [jvm.dll+0x839878]
V  [jvm.dll+0x83b323]
V  [jvm.dll+0x83b993]
V  [jvm.dll+0x24725f]
V  [jvm.dll+0xacea4]
V  [jvm.dll+0xad53c]
V  [jvm.dll+0x365c6e]
V  [jvm.dll+0x1ba8d3]
V  [jvm.dll+0x2183a7]
V  [jvm.dll+0x21768f]
V  [jvm.dll+0x1a31b0]
V  [jvm.dll+0x227a9c]
V  [jvm.dll+0x225bfb]
V  [jvm.dll+0x7ef018]
V  [jvm.dll+0x7e94dc]
V  [jvm.dll+0x681ea7]
C  [ucrtbase.dll+0x21542]
C  [KERNEL32.DLL+0x16fd4]
C  [ntdll.dll+0x4cec1]


---------------  P R O C E S S  ---------------

Threads class SMR info:
_java_thread_list=0x0000026abd87ae50, length=14, elements={
0x0000026aa162e6c0, 0x0000026aa16e2070, 0x0000026aa16e4300, 0x0000026abd4654f0,
0x0000026abd4660b0, 0x0000026abd468a80, 0x0000026abd469440, 0x0000026abd46ee50,
0x0000026abd477860, 0x0000026abd47b190, 0x0000026abd6bb400, 0x0000026abd6c2bb0,
0x0000026abd93a1a0, 0x0000026abd9826b0
}

Java Threads: ( => current thread )
  0x0000026aa162e6c0 JavaThread "main" [_thread_in_native, id=54544, stack(0x00000077e8500000,0x00000077e8600000)]
  0x0000026aa16e2070 JavaThread "Reference Handler" daemon [_thread_blocked, id=16712, stack(0x00000077e8c00000,0x00000077e8d00000)]
  0x0000026aa16e4300 JavaThread "Finalizer" daemon [_thread_blocked, id=58344, stack(0x00000077e8d00000,0x00000077e8e00000)]
  0x0000026abd4654f0 JavaThread "Signal Dispatcher" daemon [_thread_blocked, id=17844, stack(0x00000077e8e00000,0x00000077e8f00000)]
  0x0000026abd4660b0 JavaThread "Attach Listener" daemon [_thread_blocked, id=80252, stack(0x00000077e8f00000,0x00000077e9000000)]
  0x0000026abd468a80 JavaThread "Service Thread" daemon [_thread_blocked, id=39932, stack(0x00000077e9000000,0x00000077e9100000)]
  0x0000026abd469440 JavaThread "Monitor Deflation Thread" daemon [_thread_blocked, id=49620, stack(0x00000077e9100000,0x00000077e9200000)]
  0x0000026abd46ee50 JavaThread "C2 CompilerThread0" daemon [_thread_in_native, id=43788, stack(0x00000077e9200000,0x00000077e9300000)]
  0x0000026abd477860 JavaThread "C1 CompilerThread0" daemon [_thread_blocked, id=87068, stack(0x00000077e9300000,0x00000077e9400000)]
  0x0000026abd47b190 JavaThread "Sweeper thread" daemon [_thread_blocked, id=57328, stack(0x00000077e9400000,0x00000077e9500000)]
  0x0000026abd6bb400 JavaThread "Notification Thread" daemon [_thread_blocked, id=71896, stack(0x00000077e9500000,0x00000077e9600000)]
  0x0000026abd6c2bb0 JavaThread "Common-Cleaner" daemon [_thread_blocked, id=49564, stack(0x00000077e9700000,0x00000077e9800000)]
=>0x0000026abd93a1a0 JavaThread "C2 CompilerThread1" daemon [_thread_in_native, id=14780, stack(0x00000077ea500000,0x00000077ea600000)]
  0x0000026abd9826b0 JavaThread "C2 CompilerThread2" daemon [_thread_in_native, id=47776, stack(0x00000077ea400000,0x00000077ea500000)]

Other Threads:
  0x0000026aa16dd9d0 VMThread "VM Thread" [stack: 0x00000077e8b00000,0x00000077e8c00000] [id=69768]
  0x0000026abd6c1900 WatcherThread [stack: 0x00000077e9600000,0x00000077e9700000] [id=53280]
  0x0000026aa164f0a0 GCTaskThread "GC Thread#0" [stack: 0x00000077e8600000,0x00000077e8700000] [id=64632]
  0x0000026aff6877a0 GCTaskThread "GC Thread#1" [stack: 0x00000077eaa00000,0x00000077eab00000] [id=44548]
  0x0000026aff5232e0 GCTaskThread "GC Thread#2" [stack: 0x00000077eab00000,0x00000077eac00000] [id=21080]
  0x0000026aff83ced0 GCTaskThread "GC Thread#3" [stack: 0x00000077eac00000,0x00000077ead00000] [id=23944]
  0x0000026aa16507f0 ConcurrentGCThread "G1 Main Marker" [stack: 0x00000077e8700000,0x00000077e8800000] [id=90940]
  0x0000026aa16519b0 ConcurrentGCThread "G1 Conc#0" [stack: 0x00000077e8800000,0x00000077e8900000] [id=88632]
  0x0000026aa16bc0c0 ConcurrentGCThread "G1 Refine#0" [stack: 0x00000077e8900000,0x00000077e8a00000] [id=84544]
  0x0000026aa16bcaf0 ConcurrentGCThread "G1 Service" [stack: 0x00000077e8a00000,0x00000077e8b00000] [id=83884]

Threads with active compile tasks:
C2 CompilerThread0      543  780   !   4       java.util.zip.ZipFile::getEntry (59 bytes)
C2 CompilerThread1      543  713 %     4       java.util.zip.ZipFile$Source::initCEN @ 261 (612 bytes)
C2 CompilerThread2      543  787       4       java.util.jar.JarFile::getEntry (35 bytes)

VM state: not at safepoint (normal execution)

VM Mutex/Monitor currently owned by a thread: None

OutOfMemory and StackOverflow Exception counts:
OutOfMemoryError java_heap_errors=1
LinkageErrors=1

Heap address: 0x00000000fc000000, size: 64 MB, Compressed Oops mode: 32-bit

CDS archive(s) mapped at: [0x0000026abe000000-0x0000026abebb0000-0x0000026abebb0000), size 12255232, SharedBaseAddress: 0x0000026abe000000, ArchiveRelocationMode: 1.
Compressed class space mapped at: 0x0000026abf000000-0x0000026aff000000, reserved size: 1073741824
Narrow klass base: 0x0000026abe000000, Narrow klass shift: 0, Narrow klass range: 0x100000000

GC Precious Log:
 CPUs: 12 total, 12 available
 Memory: 32591M
 Large Page Support: Disabled
 NUMA Support: Disabled
 Compressed Oops: Enabled (32-bit)
 Heap Region Size: 1M
 Heap Min Capacity: 64M
 Heap Initial Capacity: 64M
 Heap Max Capacity: 64M
 Pre-touch: Disabled
 Parallel Workers: 10
 Concurrent Workers: 3
 Concurrent Refinement Workers: 10
 Periodic GC: Disabled

Heap:
 garbage-first heap   total 65536K, used 12984K [0x00000000fc000000, 0x0000000100000000)
  region size 1024K, 8 young (8192K), 3 survivors (3072K)
 Metaspace       used 2329K, committed 2496K, reserved 1114112K
  class space    used 237K, committed 320K, reserved 1048576K

Heap Regions: E=young(eden), S=young(survivor), O=old, HS=humongous(starts), HC=humongous(continues), CS=collection set, F=free, OA=open archive, CA=closed archive, TAMS=top-at-mark-start (previous, next)
|   0|0x00000000fc000000, 0x00000000fc100000, 0x00000000fc100000|100%| O|  |TAMS 0x00000000fc000000, 0x00000000fc000000| Untracked 
|   1|0x00000000fc100000, 0x00000000fc1ae200, 0x00000000fc200000| 68%| O|  |TAMS 0x00000000fc100000, 0x00000000fc100000| Untracked 
|   2|0x00000000fc200000, 0x00000000fc300000, 0x00000000fc300000|100%|HS|  |TAMS 0x00000000fc200000, 0x00000000fc200000| Complete 
|   3|0x00000000fc300000, 0x00000000fc400000, 0x00000000fc400000|100%|HC|  |TAMS 0x00000000fc300000, 0x00000000fc300000| Complete 
|   4|0x00000000fc400000, 0x00000000fc500000, 0x00000000fc500000|100%|HC|  |TAMS 0x00000000fc400000, 0x00000000fc400000| Complete 
|   5|0x00000000fc500000, 0x00000000fc600000, 0x00000000fc600000|100%|HC|  |TAMS 0x00000000fc500000, 0x00000000fc500000| Complete 
|   6|0x00000000fc600000, 0x00000000fc600000, 0x00000000fc700000|  0%| F|  |TAMS 0x00000000fc600000, 0x00000000fc600000| Untracked 
|   7|0x00000000fc700000, 0x00000000fc700000, 0x00000000fc800000|  0%| F|  |TAMS 0x00000000fc700000, 0x00000000fc700000| Untracked 
|   8|0x00000000fc800000, 0x00000000fc800000, 0x00000000fc900000|  0%| F|  |TAMS 0x00000000fc800000, 0x00000000fc800000| Untracked 
|   9|0x00000000fc900000, 0x00000000fc900000, 0x00000000fca00000|  0%| F|  |TAMS 0x00000000fc900000, 0x00000000fc900000| Untracked 
|  10|0x00000000fca00000, 0x00000000fca00000, 0x00000000fcb00000|  0%| F|  |TAMS 0x00000000fca00000, 0x00000000fca00000| Untracked 
|  11|0x00000000fcb00000, 0x00000000fcb00000, 0x00000000fcc00000|  0%| F|  |TAMS 0x00000000fcb00000, 0x00000000fcb00000| Untracked 
|  12|0x00000000fcc00000, 0x00000000fcc00000, 0x00000000fcd00000|  0%| F|  |TAMS 0x00000000fcc00000, 0x00000000fcc00000| Untracked 
|  13|0x00000000fcd00000, 0x00000000fcd00000, 0x00000000fce00000|  0%| F|  |TAMS 0x00000000fcd00000, 0x00000000fcd00000| Untracked 
|  14|0x00000000fce00000, 0x00000000fce00000, 0x00000000fcf00000|  0%| F|  |TAMS 0x00000000fce00000, 0x00000000fce00000| Untracked 
|  15|0x00000000fcf00000, 0x00000000fcf00000, 0x00000000fd000000|  0%| F|  |TAMS 0x00000000fcf00000, 0x00000000fcf00000| Untracked 
|  16|0x00000000fd000000, 0x00000000fd000000, 0x00000000fd100000|  0%| F|  |TAMS 0x00000000fd000000, 0x00000000fd000000| Untracked 
|  17|0x00000000fd100000, 0x00000000fd100000, 0x00000000fd200000|  0%| F|  |TAMS 0x00000000fd100000, 0x00000000fd100000| Untracked 
|  18|0x00000000fd200000, 0x00000000fd200000, 0x00000000fd300000|  0%| F|  |TAMS 0x00000000fd200000, 0x00000000fd200000| Untracked 
|  19|0x00000000fd300000, 0x00000000fd300000, 0x00000000fd400000|  0%| F|  |TAMS 0x00000000fd300000, 0x00000000fd300000| Untracked 
|  20|0x00000000fd400000, 0x00000000fd400000, 0x00000000fd500000|  0%| F|  |TAMS 0x00000000fd400000, 0x00000000fd400000| Untracked 
|  21|0x00000000fd500000, 0x00000000fd500000, 0x00000000fd600000|  0%| F|  |TAMS 0x00000000fd500000, 0x00000000fd500000| Untracked 
|  22|0x00000000fd600000, 0x00000000fd600000, 0x00000000fd700000|  0%| F|  |TAMS 0x00000000fd600000, 0x00000000fd600000| Untracked 
|  23|0x00000000fd700000, 0x00000000fd700000, 0x00000000fd800000|  0%| F|  |TAMS 0x00000000fd700000, 0x00000000fd700000| Untracked 
|  24|0x00000000fd800000, 0x00000000fd800000, 0x00000000fd900000|  0%| F|  |TAMS 0x00000000fd800000, 0x00000000fd800000| Untracked 
|  25|0x00000000fd900000, 0x00000000fd900000, 0x00000000fda00000|  0%| F|  |TAMS 0x00000000fd900000, 0x00000000fd900000| Untracked 
|  26|0x00000000fda00000, 0x00000000fda00000, 0x00000000fdb00000|  0%| F|  |TAMS 0x00000000fda00000, 0x00000000fda00000| Untracked 
|  27|0x00000000fdb00000, 0x00000000fdb00000, 0x00000000fdc00000|  0%| F|  |TAMS 0x00000000fdb00000, 0x00000000fdb00000| Untracked 
|  28|0x00000000fdc00000, 0x00000000fdc00000, 0x00000000fdd00000|  0%| F|  |TAMS 0x00000000fdc00000, 0x00000000fdc00000| Untracked 
|  29|0x00000000fdd00000, 0x00000000fdd00000, 0x00000000fde00000|  0%| F|  |TAMS 0x00000000fdd00000, 0x00000000fdd00000| Untracked 
|  30|0x00000000fde00000, 0x00000000fde00000, 0x00000000fdf00000|  0%| F|  |TAMS 0x00000000fde00000, 0x00000000fde00000| Untracked 
|  31|0x00000000fdf00000, 0x00000000fdf00000, 0x00000000fe000000|  0%| F|  |TAMS 0x00000000fdf00000, 0x00000000fdf00000| Untracked 
|  32|0x00000000fe000000, 0x00000000fe000000, 0x00000000fe100000|  0%| F|  |TAMS 0x00000000fe000000, 0x00000000fe000000| Untracked 
|  33|0x00000000fe100000, 0x00000000fe100000, 0x00000000fe200000|  0%| F|  |TAMS 0x00000000fe100000, 0x00000000fe100000| Untracked 
|  34|0x00000000fe200000, 0x00000000fe200000, 0x00000000fe300000|  0%| F|  |TAMS 0x00000000fe200000, 0x00000000fe200000| Untracked 
|  35|0x00000000fe300000, 0x00000000fe300000, 0x00000000fe400000|  0%| F|  |TAMS 0x00000000fe300000, 0x00000000fe300000| Untracked 
|  36|0x00000000fe400000, 0x00000000fe400000, 0x00000000fe500000|  0%| F|  |TAMS 0x00000000fe400000, 0x00000000fe400000| Untracked 
|  37|0x00000000fe500000, 0x00000000fe500000, 0x00000000fe600000|  0%| F|  |TAMS 0x00000000fe500000, 0x00000000fe500000| Untracked 
|  38|0x00000000fe600000, 0x00000000fe700000, 0x00000000fe700000|100%| S|CS|TAMS 0x00000000fe600000, 0x00000000fe600000| Complete 
|  39|0x00000000fe700000, 0x00000000fe800000, 0x00000000fe800000|100%| S|CS|TAMS 0x00000000fe700000, 0x00000000fe700000| Complete 
|  40|0x00000000fe800000, 0x00000000fe900000, 0x00000000fe900000|100%| S|CS|TAMS 0x00000000fe800000, 0x00000000fe800000| Complete 
|  41|0x00000000fe900000, 0x00000000fe900000, 0x00000000fea00000|  0%| F|  |TAMS 0x00000000fe900000, 0x00000000fe900000| Untracked 
|  42|0x00000000fea00000, 0x00000000fea00000, 0x00000000feb00000|  0%| F|  |TAMS 0x00000000fea00000, 0x00000000fea00000| Untracked 
|  43|0x00000000feb00000, 0x00000000feb00000, 0x00000000fec00000|  0%| F|  |TAMS 0x00000000feb00000, 0x00000000feb00000| Untracked 
|  44|0x00000000fec00000, 0x00000000fec00000, 0x00000000fed00000|  0%| F|  |TAMS 0x00000000fec00000, 0x00000000fec00000| Untracked 
|  45|0x00000000fed00000, 0x00000000fed00000, 0x00000000fee00000|  0%| F|  |TAMS 0x00000000fed00000, 0x00000000fed00000| Untracked 
|  46|0x00000000fee00000, 0x00000000fee00000, 0x00000000fef00000|  0%| F|  |TAMS 0x00000000fee00000, 0x00000000fee00000| Untracked 
|  47|0x00000000fef00000, 0x00000000fef00000, 0x00000000ff000000|  0%| F|  |TAMS 0x00000000fef00000, 0x00000000fef00000| Untracked 
|  48|0x00000000ff000000, 0x00000000ff000000, 0x00000000ff100000|  0%| F|  |TAMS 0x00000000ff000000, 0x00000000ff000000| Untracked 
|  49|0x00000000ff100000, 0x00000000ff100000, 0x00000000ff200000|  0%| F|  |TAMS 0x00000000ff100000, 0x00000000ff100000| Untracked 
|  50|0x00000000ff200000, 0x00000000ff200000, 0x00000000ff300000|  0%| F|  |TAMS 0x00000000ff200000, 0x00000000ff200000| Untracked 
|  51|0x00000000ff300000, 0x00000000ff300000, 0x00000000ff400000|  0%| F|  |TAMS 0x00000000ff300000, 0x00000000ff300000| Untracked 
|  52|0x00000000ff400000, 0x00000000ff400000, 0x00000000ff500000|  0%| F|  |TAMS 0x00000000ff400000, 0x00000000ff400000| Untracked 
|  53|0x00000000ff500000, 0x00000000ff500000, 0x00000000ff600000|  0%| F|  |TAMS 0x00000000ff500000, 0x00000000ff500000| Untracked 
|  54|0x00000000ff600000, 0x00000000ff600000, 0x00000000ff700000|  0%| F|  |TAMS 0x00000000ff600000, 0x00000000ff600000| Untracked 
|  55|0x00000000ff700000, 0x00000000ff700000, 0x00000000ff800000|  0%| F|  |TAMS 0x00000000ff700000, 0x00000000ff700000| Untracked 
|  56|0x00000000ff800000, 0x00000000ff800000, 0x00000000ff900000|  0%| F|  |TAMS 0x00000000ff800000, 0x00000000ff800000| Untracked 
|  57|0x00000000ff900000, 0x00000000ff900000, 0x00000000ffa00000|  0%| F|  |TAMS 0x00000000ff900000, 0x00000000ff900000| Untracked 
|  58|0x00000000ffa00000, 0x00000000ffa00000, 0x00000000ffb00000|  0%| F|  |TAMS 0x00000000ffa00000, 0x00000000ffa00000| Untracked 
|  59|0x00000000ffb00000, 0x00000000ffc00000, 0x00000000ffc00000|100%| E|  |TAMS 0x00000000ffb00000, 0x00000000ffb00000| Complete 
|  60|0x00000000ffc00000, 0x00000000ffd00000, 0x00000000ffd00000|100%| E|CS|TAMS 0x00000000ffc00000, 0x00000000ffc00000| Complete 
|  61|0x00000000ffd00000, 0x00000000ffe00000, 0x00000000ffe00000|100%| E|CS|TAMS 0x00000000ffd00000, 0x00000000ffd00000| Complete 
|  62|0x00000000ffe00000, 0x00000000fff00000, 0x00000000fff00000|100%| E|CS|TAMS 0x00000000ffe00000, 0x00000000ffe00000| Complete 
|  63|0x00000000fff00000, 0x0000000100000000, 0x0000000100000000|100%| E|CS|TAMS 0x00000000fff00000, 0x00000000fff00000| Complete 

Card table byte_map: [0x0000026aba620000,0x0000026aba640000] _byte_map_base: 0x0000026ab9e40000

Marking Bits (Prev, Next): (CMBitMap*) 0x0000026aa164f6c0, (CMBitMap*) 0x0000026aa164f700
 Prev Bits: [0x0000026aba660000, 0x0000026aba760000)
 Next Bits: [0x0000026aba760000, 0x0000026aba860000)

Polling page: 0x0000026aa16f0000

Metaspace:

Usage:
  Non-class:      2.07 MB used.
      Class:    240.54 KB used.
       Both:      2.30 MB used.

Virtual space:
  Non-class space:       64.00 MB reserved,       2.19 MB (  3%) committed,  1 nodes.
      Class space:        1.00 GB reserved,     320.00 KB ( <1%) committed,  1 nodes.
             Both:        1.06 GB reserved,       2.50 MB ( <1%) committed. 

Chunk freelists:
   Non-Class:  11.47 MB
       Class:  15.62 MB
        Both:  27.09 MB

MaxMetaspaceSize: unlimited
CompressedClassSpaceSize: 1.00 GB
Initial GC threshold: 21.00 MB
Current GC threshold: 21.00 MB
CDS: on
MetaspaceReclaimPolicy: balanced
 - commit_granule_bytes: 65536.
 - commit_granule_words: 8192.
 - virtual_space_node_default_size: 8388608.
 - enlarge_chunks_in_place: 1.
 - new_chunks_are_fully_committed: 0.
 - uncommit_free_chunks: 1.
 - use_allocation_guard: 0.
 - handle_deallocations: 1.


Internal statistics:

num_allocs_failed_limit: 0.
num_arena_births: 14.
num_arena_deaths: 0.
num_vsnodes_births: 2.
num_vsnodes_deaths: 0.
num_space_committed: 40.
num_space_uncommitted: 0.
num_chunks_returned_to_freelist: 0.
num_chunks_taken_from_freelist: 56.
num_chunk_merges: 0.
num_chunk_splits: 35.
num_chunks_enlarged: 31.
num_inconsistent_stats: 0.

CodeHeap 'non-profiled nmethods': size=120000Kb used=338Kb max_used=338Kb free=119662Kb
 bounds [0x0000026ab2450000, 0x0000026ab26c0000, 0x0000026ab9980000]
CodeHeap 'profiled nmethods': size=120000Kb used=1434Kb max_used=1434Kb free=118565Kb
 bounds [0x0000026aaa980000, 0x0000026aaabf0000, 0x0000026ab1eb0000]
CodeHeap 'non-nmethods': size=5760Kb used=1122Kb max_used=1168Kb free=4637Kb
 bounds [0x0000026ab1eb0000, 0x0000026ab2120000, 0x0000026ab2450000]
 total_blobs=1207 nmethods=804 adapters=316
 compilation: enabled
              stopped_count=0, restarted_count=0
 full_count=0

Compilation events (20 events):
Event: 0.508 Thread 0x0000026abd477860  774       1       jdk.internal.loader.URLClassPath$Loader::getBaseURL (5 bytes)
Event: 0.509 Thread 0x0000026abd477860 nmethod 774 0x0000026ab249e410 code [0x0000026ab249e5a0, 0x0000026ab249e678]
Event: 0.509 Thread 0x0000026abd477860  775       1       java.util.jar.Manifest::getEntries (5 bytes)
Event: 0.509 Thread 0x0000026abd477860 nmethod 775 0x0000026ab249e710 code [0x0000026ab249e8a0, 0x0000026ab249e978]
Event: 0.509 Thread 0x0000026abd477860  776       1       java.util.zip.ZipEntry::getCrc (5 bytes)
Event: 0.509 Thread 0x0000026abd477860 nmethod 776 0x0000026ab249ea10 code [0x0000026ab249eba0, 0x0000026ab249ec78]
Event: 0.509 Thread 0x0000026abd477860  778       3       java.lang.StringConcatHelper::newString (67 bytes)
Event: 0.510 Thread 0x0000026abd477860 nmethod 778 0x0000026aaaad9990 code [0x0000026aaaad9c00, 0x0000026aaaada668]
Event: 0.510 Thread 0x0000026abd477860  781   !   3       java.lang.ClassLoader::loadClass (121 bytes)
Event: 0.511 Thread 0x0000026abd477860 nmethod 781 0x0000026aaaadaa10 code [0x0000026aaaadacc0, 0x0000026aaaadb928]
Event: 0.511 Thread 0x0000026abd9826b0 nmethod 728% 0x0000026ab249ed10 code [0x0000026ab249ef20, 0x0000026ab24a0450]
Event: 0.511 Thread 0x0000026abd9826b0  779   !   4       java.util.zip.ZipFile$Source::getEntryPos (195 bytes)
Event: 0.514 Thread 0x0000026abd46ee50 nmethod 763 0x0000026ab24a0e90 code [0x0000026ab24a1020, 0x0000026ab24a1378]
Event: 0.514 Thread 0x0000026abd477860  783       3       sun.net.util.URLUtil::urlNoFragString (114 bytes)
Event: 0.514 Thread 0x0000026abd46ee50  773       4       java.util.Objects::requireNonNull (15 bytes)
Event: 0.515 Thread 0x0000026abd46ee50 nmethod 773 0x0000026ab24a1610 code [0x0000026ab24a1780, 0x0000026ab24a17f8]
Event: 0.515 Thread 0x0000026abd46ee50  780   !   4       java.util.zip.ZipFile::getEntry (59 bytes)
Event: 0.516 Thread 0x0000026abd477860 nmethod 783 0x0000026aaaadbf90 code [0x0000026aaaadc2c0, 0x0000026aaaadd2c8]
Event: 0.516 Thread 0x0000026abd477860  785       3       java.lang.Class::getPackageName (81 bytes)
Event: 0.517 Thread 0x0000026abd477860 nmethod 785 0x0000026aaaadd890 code [0x0000026aaaaddb20, 0x0000026aaaade588]

GC Heap History (2 events):
Event: 0.427 GC heap before
{Heap before GC invocations=0 (full 0):
 garbage-first heap   total 65536K, used 22528K [0x00000000fc000000, 0x0000000100000000)
  region size 1024K, 23 young (23552K), 0 survivors (0K)
 Metaspace       used 1836K, committed 1920K, reserved 1114112K
  class space    used 160K, committed 192K, reserved 1048576K
}
Event: 0.431 GC heap after
{Heap after GC invocations=1 (full 0):
 garbage-first heap   total 65536K, used 4792K [0x00000000fc000000, 0x0000000100000000)
  region size 1024K, 3 young (3072K), 3 survivors (3072K)
 Metaspace       used 1836K, committed 1920K, reserved 1114112K
  class space    used 160K, committed 192K, reserved 1048576K
}

Dll operation events (7 events):
Event: 0.007 Loaded shared library C:\Program Files\Eclipse Adoptium\jdk-17.0.15.6-hotspot\bin\java.dll
Event: 0.021 Loaded shared library C:\Program Files\Eclipse Adoptium\jdk-17.0.15.6-hotspot\bin\jsvml.dll
Event: 0.045 Loaded shared library C:\Program Files\Eclipse Adoptium\jdk-17.0.15.6-hotspot\bin\net.dll
Event: 0.064 Loaded shared library C:\Program Files\Eclipse Adoptium\jdk-17.0.15.6-hotspot\bin\nio.dll
Event: 0.066 Loaded shared library C:\Program Files\Eclipse Adoptium\jdk-17.0.15.6-hotspot\bin\zip.dll
Event: 0.069 Loaded shared library C:\Program Files\Eclipse Adoptium\jdk-17.0.15.6-hotspot\bin\verify.dll
Event: 0.332 Loaded shared library C:\Program Files\Eclipse Adoptium\jdk-17.0.15.6-hotspot\bin\jimage.dll

Deoptimization events (20 events):
Event: 0.425 Thread 0x0000026aa162e6c0 DEOPT PACKING pc=0x0000026aaa9e74ca sp=0x00000077e85fc080
Event: 0.425 Thread 0x0000026aa162e6c0 DEOPT UNPACKING pc=0x0000026ab1f07143 sp=0x00000077e85fb520 mode 0
Event: 0.461 Thread 0x0000026aa162e6c0 Uncommon trap: trap_request=0xffffff45 fr.pc=0x0000026ab2496390 relative=0x00000000000009d0
Event: 0.461 Thread 0x0000026aa162e6c0 Uncommon trap: reason=unstable_if action=reinterpret pc=0x0000026ab2496390 method=java.util.zip.ZipCoder$UTF8ZipCoder.checkedHash([BII)I @ 27 c2
Event: 0.461 Thread 0x0000026aa162e6c0 DEOPT PACKING pc=0x0000026ab2496390 sp=0x00000077e85fbe90
Event: 0.461 Thread 0x0000026aa162e6c0 DEOPT UNPACKING pc=0x0000026ab1f069a3 sp=0x00000077e85fbde8 mode 2
Event: 0.461 Thread 0x0000026aa162e6c0 Uncommon trap: trap_request=0xffffff45 fr.pc=0x0000026ab24983b4 relative=0x00000000000001b4
Event: 0.461 Thread 0x0000026aa162e6c0 Uncommon trap: reason=unstable_if action=reinterpret pc=0x0000026ab24983b4 method=java.lang.StringCoding.hasNegatives([BII)Z @ 12 c2
Event: 0.461 Thread 0x0000026aa162e6c0 DEOPT PACKING pc=0x0000026ab24983b4 sp=0x00000077e85fbc90
Event: 0.461 Thread 0x0000026aa162e6c0 DEOPT UNPACKING pc=0x0000026ab1f069a3 sp=0x00000077e85fbc20 mode 2
Event: 0.461 Thread 0x0000026aa162e6c0 Uncommon trap: trap_request=0xffffff45 fr.pc=0x0000026ab245b738 relative=0x00000000000001b8
Event: 0.461 Thread 0x0000026aa162e6c0 Uncommon trap: reason=unstable_if action=reinterpret pc=0x0000026ab245b738 method=java.lang.String.hashCode()I @ 20 c2
Event: 0.461 Thread 0x0000026aa162e6c0 DEOPT PACKING pc=0x0000026ab245b738 sp=0x00000077e85fbd20
Event: 0.461 Thread 0x0000026aa162e6c0 DEOPT UNPACKING pc=0x0000026ab1f069a3 sp=0x00000077e85fbcb0 mode 2
Event: 0.461 Thread 0x0000026aa162e6c0 Uncommon trap: trap_request=0xffffff45 fr.pc=0x0000026ab2494c30 relative=0x0000000000000190
Event: 0.461 Thread 0x0000026aa162e6c0 Uncommon trap: reason=unstable_if action=reinterpret pc=0x0000026ab2494c30 method=java.util.zip.ZipFile$Source.isMetaName([BII)Z @ 57 c2
Event: 0.461 Thread 0x0000026aa162e6c0 DEOPT PACKING pc=0x0000026ab2494c30 sp=0x00000077e85fbf30
Event: 0.461 Thread 0x0000026aa162e6c0 DEOPT UNPACKING pc=0x0000026ab1f069a3 sp=0x00000077e85fbec0 mode 2
Event: 0.503 Thread 0x0000026aa162e6c0 DEOPT PACKING pc=0x0000026aaaab574a sp=0x00000077e85f93f0
Event: 0.503 Thread 0x0000026aa162e6c0 DEOPT UNPACKING pc=0x0000026ab1f07143 sp=0x00000077e85f8878 mode 0

Classes loaded (20 events):
Event: 0.126 Loading class java/io/FilePermissionCollection$1
Event: 0.127 Loading class java/io/FilePermissionCollection$1 done
Event: 0.139 Loading class java/net/MalformedURLException
Event: 0.139 Loading class java/net/MalformedURLException done
Event: 0.140 Loading class java/io/FileFilter
Event: 0.140 Loading class java/io/FileFilter done
Event: 0.158 Loading class java/util/AbstractList$Itr
Event: 0.158 Loading class java/util/AbstractList$Itr done
Event: 0.172 Loading class java/lang/invoke/DirectMethodHandle$Special
Event: 0.172 Loading class java/lang/invoke/DirectMethodHandle$Special done
Event: 0.355 Loading class java/io/BufferedReader
Event: 0.355 Loading class java/io/BufferedReader done
Event: 0.355 Loading class sun/nio/cs/StreamDecoder
Event: 0.356 Loading class sun/nio/cs/StreamDecoder done
Event: 0.356 Loading class sun/nio/cs/UTF_8$Decoder
Event: 0.356 Loading class sun/nio/cs/UTF_8$Decoder done
Event: 0.496 Loading class java/util/concurrent/atomic/AtomicReference
Event: 0.496 Loading class java/util/concurrent/atomic/AtomicReference done
Event: 0.506 Loading class java/lang/UnsupportedOperationException
Event: 0.506 Loading class java/lang/UnsupportedOperationException done

Classes unloaded (0 events):
No events

Classes redefined (0 events):
No events

Internal exceptions (1 events):
Event: 0.133 Thread 0x0000026aa162e6c0 Exception <a 'java/lang/NoSuchMethodError'{0x00000000ffdeda88}: 'int java.lang.invoke.DirectMethodHandle$Holder.invokeStaticInit(java.lang.Object, java.lang.Object)'> (0x00000000ffdeda88) 
thrown [s\src\hotspot\share\interpreter\linkResolver.cpp, line 759]

VM Operations (4 events):
Event: 0.067 Executing VM operation: HandshakeAllThreads
Event: 0.067 Executing VM operation: HandshakeAllThreads done
Event: 0.426 Executing VM operation: G1CollectForAllocation
Event: 0.431 Executing VM operation: G1CollectForAllocation done

Memory protections (0 events):
No events

Nmethod flushes (0 events):
No events

Events (14 events):
Event: 0.021 Thread 0x0000026aa162e6c0 Thread added: 0x0000026aa162e6c0
Event: 0.023 Thread 0x0000026aa162e6c0 Thread added: 0x0000026aa16e2070
Event: 0.023 Thread 0x0000026aa162e6c0 Thread added: 0x0000026aa16e4300
Event: 0.029 Thread 0x0000026aa162e6c0 Thread added: 0x0000026abd4654f0
Event: 0.029 Thread 0x0000026aa162e6c0 Thread added: 0x0000026abd4660b0
Event: 0.029 Thread 0x0000026aa162e6c0 Thread added: 0x0000026abd468a80
Event: 0.029 Thread 0x0000026aa162e6c0 Thread added: 0x0000026abd469440
Event: 0.029 Thread 0x0000026aa162e6c0 Thread added: 0x0000026abd46ee50
Event: 0.029 Thread 0x0000026aa162e6c0 Thread added: 0x0000026abd477860
Event: 0.029 Thread 0x0000026aa162e6c0 Thread added: 0x0000026abd47b190
Event: 0.043 Thread 0x0000026aa162e6c0 Thread added: 0x0000026abd6bb400
Event: 0.044 Thread 0x0000026aa162e6c0 Thread added: 0x0000026abd6c2bb0
Event: 0.213 Thread 0x0000026abd477860 Thread added: 0x0000026abd93a1a0
Event: 0.332 Thread 0x0000026abd93a1a0 Thread added: 0x0000026abd9826b0


Dynamic libraries:
0x00007ff7ae910000 - 0x00007ff7ae91e000 	C:\Program Files\Eclipse Adoptium\jdk-17.0.15.6-hotspot\bin\java.exe
0x00007ffa3a310000 - 0x00007ffa3a504000 	C:\Windows\SYSTEM32\ntdll.dll
0x00007ffa39670000 - 0x00007ffa3972d000 	C:\Windows\System32\KERNEL32.DLL
0x00007ffa37bc0000 - 0x00007ffa37e87000 	C:\Windows\System32\KERNELBASE.dll
0x00007ffa38080000 - 0x00007ffa38180000 	C:\Windows\System32\ucrtbase.dll
0x00007ffa306e0000 - 0x00007ffa306f7000 	C:\Program Files\Eclipse Adoptium\jdk-17.0.15.6-hotspot\bin\jli.dll
0x00007ffa306c0000 - 0x00007ffa306de000 	C:\Program Files\Eclipse Adoptium\jdk-17.0.15.6-hotspot\bin\VCRUNTIME140.dll
0x00007ffa38fb0000 - 0x00007ffa39150000 	C:\Windows\System32\USER32.dll
0x00007ffa37b40000 - 0x00007ffa37b62000 	C:\Windows\System32\win32u.dll
0x00007ffa280e0000 - 0x00007ffa2837a000 	C:\Windows\WinSxS\amd64_microsoft.windows.common-controls_6595b64144ccf1df_6.0.19041.1_none_b555e41d4684ddec\COMCTL32.dll
0x00007ffa39e10000 - 0x00007ffa39e3a000 	C:\Windows\System32\GDI32.dll
0x00007ffa387d0000 - 0x00007ffa3886e000 	C:\Windows\System32\msvcrt.dll
0x00007ffa37ef0000 - 0x00007ffa37ffa000 	C:\Windows\System32\gdi32full.dll
0x00007ffa38180000 - 0x00007ffa3821d000 	C:\Windows\System32\msvcp_win.dll
0x00007ffa39150000 - 0x00007ffa39180000 	C:\Windows\System32\IMM32.DLL
0x00007ffa33650000 - 0x00007ffa3365c000 	C:\Program Files\Eclipse Adoptium\jdk-17.0.15.6-hotspot\bin\vcruntime140_1.dll
0x00007ffa1b3f0000 - 0x00007ffa1b47d000 	C:\Program Files\Eclipse Adoptium\jdk-17.0.15.6-hotspot\bin\msvcp140.dll
0x00007ffa02160000 - 0x00007ffa02dcb000 	C:\Program Files\Eclipse Adoptium\jdk-17.0.15.6-hotspot\bin\server\jvm.dll
0x00007ffa39cd0000 - 0x00007ffa39d7a000 	C:\Windows\System32\ADVAPI32.dll
0x00007ffa39f70000 - 0x00007ffa3a00b000 	C:\Windows\System32\sechost.dll
0x00007ffa39ba0000 - 0x00007ffa39cc3000 	C:\Windows\System32\RPCRT4.dll
0x00007ffa3a260000 - 0x00007ffa3a2cb000 	C:\Windows\System32\WS2_32.dll
0x00007ffa378d0000 - 0x00007ffa3791b000 	C:\Windows\SYSTEM32\POWRPROF.dll
0x00007ffa26ff0000 - 0x00007ffa27017000 	C:\Windows\SYSTEM32\WINMM.dll
0x00007ffa31cc0000 - 0x00007ffa31cca000 	C:\Windows\SYSTEM32\VERSION.dll
0x00007ffa378b0000 - 0x00007ffa378c2000 	C:\Windows\SYSTEM32\UMPDC.dll
0x00007ffa35a10000 - 0x00007ffa35a23000 	C:\Windows\SYSTEM32\kernel.appcore.dll
0x00007ffa30680000 - 0x00007ffa3068a000 	C:\Program Files\Eclipse Adoptium\jdk-17.0.15.6-hotspot\bin\jimage.dll
0x00007ffa26e00000 - 0x00007ffa26fe4000 	C:\Windows\SYSTEM32\DBGHELP.DLL
0x00007ffa24740000 - 0x00007ffa2476c000 	C:\Windows\SYSTEM32\dbgcore.DLL
0x00007ffa38000000 - 0x00007ffa3807f000 	C:\Windows\System32\bcryptPrimitives.dll
0x00007ffa1f610000 - 0x00007ffa1f635000 	C:\Program Files\Eclipse Adoptium\jdk-17.0.15.6-hotspot\bin\java.dll
0x00007ffa04cc0000 - 0x00007ffa04d97000 	C:\Program Files\Eclipse Adoptium\jdk-17.0.15.6-hotspot\bin\jsvml.dll
0x00007ffa38870000 - 0x00007ffa38fa4000 	C:\Windows\System32\SHELL32.dll
0x00007ffa35c10000 - 0x00007ffa3639e000 	C:\Windows\SYSTEM32\windows.storage.dll
0x00007ffa39180000 - 0x00007ffa394d3000 	C:\Windows\System32\combase.dll
0x00007ffa37410000 - 0x00007ffa3743b000 	C:\Windows\SYSTEM32\Wldp.dll
0x00007ffa38540000 - 0x00007ffa385ee000 	C:\Windows\System32\SHCORE.dll
0x00007ffa39610000 - 0x00007ffa39665000 	C:\Windows\System32\shlwapi.dll
0x00007ffa379a0000 - 0x00007ffa379bf000 	C:\Windows\SYSTEM32\profapi.dll
0x00007ffa30660000 - 0x00007ffa30679000 	C:\Program Files\Eclipse Adoptium\jdk-17.0.15.6-hotspot\bin\net.dll
0x00007ffa308d0000 - 0x00007ffa309d0000 	C:\Windows\SYSTEM32\WINHTTP.dll
0x0000000180000000 - 0x000000018008c000 	C:\Windows\system32\ASProxy64.dll
0x00007ffa39e40000 - 0x00007ffa39f69000 	C:\Windows\System32\ole32.dll
0x00007ffa3a190000 - 0x00007ffa3a25d000 	C:\Windows\System32\OLEAUT32.dll
0x00007ffa37190000 - 0x00007ffa371fa000 	C:\Windows\SYSTEM32\MSWSOCK.dll
0x00007ffa36e80000 - 0x00007ffa36ebb000 	C:\Windows\SYSTEM32\IPHLPAPI.DLL
0x00007ffa37920000 - 0x00007ffa37951000 	C:\Windows\SYSTEM32\SspiCli.dll
0x00007ffa35550000 - 0x00007ffa355ef000 	C:\Windows\system32\uxtheme.dll
0x00007ffa3a010000 - 0x00007ffa3a0b8000 	C:\Windows\System32\clbcatq.dll
0x00007ffa377a0000 - 0x00007ffa37842000 	C:\Windows\SYSTEM32\sxs.dll
0x00007ffa2e800000 - 0x00007ffa2e816000 	C:\Program Files\Eclipse Adoptium\jdk-17.0.15.6-hotspot\bin\nio.dll
0x00007ffa1f590000 - 0x00007ffa1f5a8000 	C:\Program Files\Eclipse Adoptium\jdk-17.0.15.6-hotspot\bin\zip.dll
0x00007ffa2e830000 - 0x00007ffa2e840000 	C:\Program Files\Eclipse Adoptium\jdk-17.0.15.6-hotspot\bin\verify.dll

dbghelp: loaded successfully - version: 4.0.5 - missing functions: none
symbol engine: initialized successfully - sym options: 0x614 - pdb path: .;C:\Program Files\Eclipse Adoptium\jdk-17.0.15.6-hotspot\bin;C:\Windows\SYSTEM32;C:\Windows\WinSxS\amd64_microsoft.windows.common-controls_6595b64144ccf1df_6.0.19041.1_none_b555e41d4684ddec;C:\Program Files\Eclipse Adoptium\jdk-17.0.15.6-hotspot\bin\server

VM Arguments:
jvm_args: -Xmx64m -Xms64m -Dorg.gradle.appname=gradlew 
java_command: org.gradle.wrapper.GradleWrapperMain --stop
java_class_path (initial): C:\App\BookingAppNative\android\\gradle\wrapper\gradle-wrapper.jar
Launcher Type: SUN_STANDARD

[Global flags]
     intx CICompilerCount                          = 4                                         {product} {ergonomic}
     uint ConcGCThreads                            = 3                                         {product} {ergonomic}
     uint G1ConcRefinementThreads                  = 10                                        {product} {ergonomic}
   size_t G1HeapRegionSize                         = 1048576                                   {product} {ergonomic}
    uintx GCDrainStackTargetSize                   = 64                                        {product} {ergonomic}
   size_t InitialHeapSize                          = 67108864                                  {product} {command line}
   size_t MarkStackSize                            = 4194304                                   {product} {ergonomic}
   size_t MaxHeapSize                              = 67108864                                  {product} {command line}
   size_t MaxNewSize                               = 39845888                                  {product} {ergonomic}
   size_t MinHeapDeltaBytes                        = 1048576                                   {product} {ergonomic}
   size_t MinHeapSize                              = 67108864                                  {product} {command line}
    uintx NonNMethodCodeHeapSize                   = 5839372                                {pd product} {ergonomic}
    uintx NonProfiledCodeHeapSize                  = 122909434                              {pd product} {ergonomic}
    uintx ProfiledCodeHeapSize                     = 122909434                              {pd product} {ergonomic}
    uintx ReservedCodeCacheSize                    = 251658240                              {pd product} {ergonomic}
     bool SegmentedCodeCache                       = true                                      {product} {ergonomic}
   size_t SoftMaxHeapSize                          = 67108864                               {manageable} {ergonomic}
     bool UseCompressedClassPointers               = true                           {product lp64_product} {ergonomic}
     bool UseCompressedOops                        = true                           {product lp64_product} {ergonomic}
     bool UseG1GC                                  = true                                      {product} {ergonomic}
     bool UseLargePagesIndividualAllocation        = false                                  {pd product} {ergonomic}

Logging:
Log output configuration:
 #0: stdout all=warning uptime,level,tags
 #1: stderr all=off uptime,level,tags

Environment Variables:
JAVA_HOME=C:\Program Files\Eclipse Adoptium\jdk-17.0.15.6-hotspot
CLASSPATH=C:\App\BookingAppNative\android\\gradle\wrapper\gradle-wrapper.jar
PATH=C:\App\BookingAppNative\node_modules\.bin;C:\App\BookingAppNative\node_modules\.bin;C:\App\node_modules\.bin;C:\node_modules\.bin;C:\Users\d\AppData\Local\nvm\v20.19.5\node_modules\npm\node_modules\@npmcli\run-script\lib\node-gyp-bin;C:\App\BookingAppNative\node_modules\.bin;C:\App\BookingAppNative\node_modules\.bin;C:\App\node_modules\.bin;C:\node_modules\.bin;C:\Users\d\AppData\Local\nvm\v20.19.5\node_modules\npm\node_modules\@npmcli\run-script\lib\node-gyp-bin;C:\Program Files (x86)\VMware\VMware Workstation\bin\;C:\Program Files\Eclipse Adoptium\jdk-17.0.15.6-hotspot\bin;C:\Windows\system32;C:\Windows;C:\Windows\System32\Wbem;C:\Windows\System32\WindowsPowerShell\v1.0\;C:\Windows\System32\OpenSSH\;C:\Users\d\AppData\Local\nvm;C:\nvm4w\nodejs;C:\Users\d\AppData\Local\Android\Sdk\platform-tools;C:\Program Files\PostgreSQL\17\bin;c:\Users\d\AppData\Local\Programs\cursor\resources\app\bin;C:\Program Files\Git\cmd;C:\Program Files\dotnet\;C:\Program Files\PuTTY\;C:\Users\d\AppData\Local\Programs\Python\Python313\Scripts\;C:\Users\d\AppData\Local\Programs\Python\Python313\;C:\Program Files\nodejs\;C:\Users\d\AppData\Local\Programs\Python\Python313\Scripts\;C:\Users\d\AppData\Local\Programs\Python\Python313\;C:\Users\d\AppData\Local\Android\Sdk\tools;C:\Users\d\AppData\Local\Microsoft\WindowsApps;C:\Users\d\AppData\Local\Programs\Microsoft VS Code\bin;C:\Users\d\AppData\Local\nvm;C:\nvm4w\nodejs;C:\Users\d\AppData\Local\Android\Sdk\emulator;C:\Users\d\AppData\Local\Android\Sdk\platform-tools;C:\Users\d\AppData\Local\Android\Sdk\tools;C:\Users\d\AppData\Local\Android\Sdk\tools\bin;C:\Users\d\AppData\Local\Programs\cursor\resources\app\bin;C:\Users\d\AppData\Roaming\npm
USERNAME=d
LANG=en_US.UTF-8
OS=Windows_NT
PROCESSOR_IDENTIFIER=Intel64 Family 6 Model 158 Stepping 10, GenuineIntel
TMP=C:\Users\d\AppData\Local\Temp
TEMP=C:\Users\d\AppData\Local\Temp



Periodic native trim disabled


---------------  S Y S T E M  ---------------

OS:
 Windows 10 , 64 bit Build 19041 (10.0.19041.292)
OS uptime: 4 days 7:57 hours

CPU: total 12 (initial active 12) (6 cores per cpu, 2 threads per core) family 6 model 158 stepping 10 microcode 0xb4, cx8, cmov, fxsr, ht, mmx, 3dnowpref, sse, sse2, sse3, ssse3, sse4.1, sse4.2, popcnt, lzcnt, tsc, tscinvbit, avx, avx2, aes, erms, clmul, bmi1, bmi2, rtm, adx, fma, vzeroupper, clflush, clflushopt
Processor Information for all 12 processors :
  Max Mhz: 3192, Current Mhz: 3192, Mhz Limit: 3192

Memory: 4k page, system-wide physical 32591M (1504M free)
TotalPageFile size 63062M (AvailPageFile size 11M)
current process WorkingSet (physical memory assigned to process): 89M, peak: 89M
current process commit charge ("private bytes"): 169M, peak: 169M

vm_info: OpenJDK 64-Bit Server VM (17.0.15+6) for windows-amd64 JRE (17.0.15+6), built on Apr 15 2025 21:25:47 by "admin" with MS VC++ 17.7 (VS2022)

END.
