#
# There is insufficient memory for the Java Runtime Environment to continue.
# Native memory allocation (malloc) failed to allocate 125136 bytes. Error detail: Chunk::new
# Possible reasons:
#   The system is out of physical RAM or swap space
#   This process is running with CompressedOops enabled, and the Java Heap may be blocking the growth of the native heap
# Possible solutions:
#   Reduce memory load on the system
#   Increase physical memory or swap space
#   Check if swap backing store is full
#   Decrease Java heap size (-Xmx/-Xms)
#   Decrease number of Java threads
#   Decrease Java thread stack sizes (-Xss)
#   Set larger code cache with -XX:ReservedCodeCacheSize=
#   JVM is running with Unscaled Compressed Oops mode in which the Java heap is
#     placed in the first 4GB address space. The Java Heap base address is the
#     maximum limit for the native heap growth. Please use -XX:HeapBaseMinAddress
#     to set the Java Heap base and to place the Java Heap above 4GB virtual address.
# This output file may be truncated or incomplete.
#
#  Out of Memory Error (arena.cpp:191), pid=24508, tid=92004
#
# JRE version: OpenJDK Runtime Environment Temurin-17.0.15+6 (17.0.15+6) (build 17.0.15+6)
# Java VM: OpenJDK 64-Bit Server VM Temurin-17.0.15+6 (17.0.15+6, mixed mode, sharing, tiered, compressed oops, compressed class ptrs, g1 gc, windows-amd64)
# No core dump will be written. Minidumps are not enabled by default on client versions of Windows
#

---------------  S U M M A R Y ------------

Command Line: -Xmx64m -Xms64m -Dorg.gradle.appname=gradlew org.gradle.wrapper.GradleWrapperMain --stop

Host: Intel(R) Core(TM) i7-8700 CPU @ 3.20GHz, 12 cores, 31G,  Windows 10 , 64 bit Build 19041 (10.0.19041.292)
Time: Sat Nov  8 22:51:18 2025 Pacific Standard Time elapsed time: 0.438299 seconds (0d 0h 0m 0s)

---------------  T H R E A D  ---------------

Current thread (0x000002b830b5c040):  JavaThread "C2 CompilerThread0" daemon [_thread_in_native, id=92004, stack(0x000000c046d00000,0x000000c046e00000)]


Current CompileTask:
C2:    438  694   !   4       java.util.zip.ZipFile$Source::checkAndAddEntry (262 bytes)

Stack: [0x000000c046d00000,0x000000c046e00000]
Native frames: (J=compiled Java code, j=interpreted, Vv=VM code, C=native code)
V  [jvm.dll+0x682fc9]
V  [jvm.dll+0x839878]
V  [jvm.dll+0x83b323]
V  [jvm.dll+0x83b993]
V  [jvm.dll+0x24725f]
V  [jvm.dll+0xacea4]
V  [jvm.dll+0xad53c]
V  [jvm.dll+0x365c1f]
V  [jvm.dll+0x32fe58]
V  [jvm.dll+0x32f2da]
V  [jvm.dll+0x21824f]
V  [jvm.dll+0x21768f]
V  [jvm.dll+0x1a31b0]
V  [jvm.dll+0x227a9c]
V  [jvm.dll+0x225bfb]
V  [jvm.dll+0x7ef018]
V  [jvm.dll+0x7e94dc]
V  [jvm.dll+0x681ea7]
C  [ucrtbase.dll+0x21542]
C  [KERNEL32.DLL+0x16fd4]
C  [ntdll.dll+0x4cec1]


---------------  P R O C E S S  ---------------

Threads class SMR info:
_java_thread_list=0x000002b87604f970, length=12, elements={
0x000002b814d1dc30, 0x000002b814dcd1a0, 0x000002b814dcdf30, 0x000002b814ddd150,
0x000002b814ddd630, 0x000002b814dde6a0, 0x000002b830b576f0, 0x000002b830b5c040,
0x000002b830b5d940, 0x000002b830b68a30, 0x000002b876070a60, 0x000002b8760731f0
}

Java Threads: ( => current thread )
  0x000002b814d1dc30 JavaThread "main" [_thread_blocked, id=9128, stack(0x000000c046000000,0x000000c046100000)]
  0x000002b814dcd1a0 JavaThread "Reference Handler" daemon [_thread_blocked, id=90536, stack(0x000000c046700000,0x000000c046800000)]
  0x000002b814dcdf30 JavaThread "Finalizer" daemon [_thread_blocked, id=92016, stack(0x000000c046800000,0x000000c046900000)]
  0x000002b814ddd150 JavaThread "Signal Dispatcher" daemon [_thread_blocked, id=70004, stack(0x000000c046900000,0x000000c046a00000)]
  0x000002b814ddd630 JavaThread "Attach Listener" daemon [_thread_blocked, id=91996, stack(0x000000c046a00000,0x000000c046b00000)]
  0x000002b814dde6a0 JavaThread "Service Thread" daemon [_thread_blocked, id=91992, stack(0x000000c046b00000,0x000000c046c00000)]
  0x000002b830b576f0 JavaThread "Monitor Deflation Thread" daemon [_thread_blocked, id=91988, stack(0x000000c046c00000,0x000000c046d00000)]
=>0x000002b830b5c040 JavaThread "C2 CompilerThread0" daemon [_thread_in_native, id=92004, stack(0x000000c046d00000,0x000000c046e00000)]
  0x000002b830b5d940 JavaThread "C1 CompilerThread0" daemon [_thread_blocked, id=92008, stack(0x000000c046e00000,0x000000c046f00000)]
  0x000002b830b68a30 JavaThread "Sweeper thread" daemon [_thread_blocked, id=92020, stack(0x000000c046f00000,0x000000c047000000)]
  0x000002b876070a60 JavaThread "Notification Thread" daemon [_thread_blocked, id=92036, stack(0x000000c047000000,0x000000c047100000)]
  0x000002b8760731f0 JavaThread "Common-Cleaner" daemon [_thread_blocked, id=92048, stack(0x000000c047200000,0x000000c047300000)]

Other Threads:
  0x000002b814dc6430 VMThread "VM Thread" [stack: 0x000000c046600000,0x000000c046700000] [id=13044]
  0x000002b876072f50 WatcherThread [stack: 0x000000c047100000,0x000000c047200000] [id=92040]
  0x000002b814d3e390 GCTaskThread "GC Thread#0" [stack: 0x000000c046100000,0x000000c046200000] [id=10036]
  0x000002b876c4cd70 GCTaskThread "GC Thread#1" [stack: 0x000000c047f00000,0x000000c048000000] [id=70860]
  0x000002b87697d860 GCTaskThread "GC Thread#2" [stack: 0x000000c048540000,0x000000c048640000] [id=41484]
  0x000002b876a045d0 GCTaskThread "GC Thread#3" [stack: 0x000000c048640000,0x000000c048740000] [id=52536]
  0x000002b814d3f9f0 ConcurrentGCThread "G1 Main Marker" [stack: 0x000000c046200000,0x000000c046300000] [id=22232]
  0x000002b814d40ac0 ConcurrentGCThread "G1 Conc#0" [stack: 0x000000c046300000,0x000000c046400000] [id=9368]
  0x000002b814daabc0 ConcurrentGCThread "G1 Refine#0" [stack: 0x000000c046400000,0x000000c046500000] [id=17336]
  0x000002b814dab500 ConcurrentGCThread "G1 Service" [stack: 0x000000c046500000,0x000000c046600000] [id=22224]

Threads with active compile tasks:
C2 CompilerThread0      468  694   !   4       java.util.zip.ZipFile$Source::checkAndAddEntry (262 bytes)

VM state: not at safepoint (normal execution)

VM Mutex/Monitor currently owned by a thread: None

OutOfMemory and StackOverflow Exception counts:
OutOfMemoryError java_heap_errors=1
LinkageErrors=1

Heap address: 0x00000000fc000000, size: 64 MB, Compressed Oops mode: 32-bit

CDS archive(s) mapped at: [0x000002b831000000-0x000002b831bb0000-0x000002b831bb0000), size 12255232, SharedBaseAddress: 0x000002b831000000, ArchiveRelocationMode: 1.
Compressed class space mapped at: 0x000002b832000000-0x000002b872000000, reserved size: 1073741824
Narrow klass base: 0x000002b831000000, Narrow klass shift: 0, Narrow klass range: 0x100000000

GC Precious Log:
 CPUs: 12 total, 12 available
 Memory: 32591M
 Large Page Support: Disabled
 NUMA Support: Disabled
 Compressed Oops: Enabled (32-bit)
 Heap Region Size: 1M
 Heap Min Capacity: 64M
 Heap Initial Capacity: 64M
 Heap Max Capacity: 64M
 Pre-touch: Disabled
 Parallel Workers: 10
 Concurrent Workers: 3
 Concurrent Refinement Workers: 10
 Periodic GC: Disabled

Heap:
 garbage-first heap   total 65536K, used 9576K [0x00000000fc000000, 0x0000000100000000)
  region size 1024K, 6 young (6144K), 3 survivors (3072K)
 Metaspace       used 1966K, committed 2112K, reserved 1114112K
  class space    used 177K, committed 256K, reserved 1048576K

Heap Regions: E=young(eden), S=young(survivor), O=old, HS=humongous(starts), HC=humongous(continues), CS=collection set, F=free, OA=open archive, CA=closed archive, TAMS=top-at-mark-start (previous, next)
|   0|0x00000000fc000000, 0x00000000fc100000, 0x00000000fc100000|100%| O|  |TAMS 0x00000000fc000000, 0x00000000fc000000| Untracked 
|   1|0x00000000fc100000, 0x00000000fc15a000, 0x00000000fc200000| 35%| O|  |TAMS 0x00000000fc100000, 0x00000000fc100000| Untracked 
|   2|0x00000000fc200000, 0x00000000fc300000, 0x00000000fc300000|100%|HS|  |TAMS 0x00000000fc200000, 0x00000000fc200000| Complete 
|   3|0x00000000fc300000, 0x00000000fc400000, 0x00000000fc400000|100%|HC|  |TAMS 0x00000000fc300000, 0x00000000fc300000| Complete 
|   4|0x00000000fc400000, 0x00000000fc500000, 0x00000000fc500000|100%|HC|  |TAMS 0x00000000fc400000, 0x00000000fc400000| Complete 
|   5|0x00000000fc500000, 0x00000000fc600000, 0x00000000fc600000|100%|HC|  |TAMS 0x00000000fc500000, 0x00000000fc500000| Complete 
|   6|0x00000000fc600000, 0x00000000fc600000, 0x00000000fc700000|  0%| F|  |TAMS 0x00000000fc600000, 0x00000000fc600000| Untracked 
|   7|0x00000000fc700000, 0x00000000fc700000, 0x00000000fc800000|  0%| F|  |TAMS 0x00000000fc700000, 0x00000000fc700000| Untracked 
|   8|0x00000000fc800000, 0x00000000fc800000, 0x00000000fc900000|  0%| F|  |TAMS 0x00000000fc800000, 0x00000000fc800000| Untracked 
|   9|0x00000000fc900000, 0x00000000fc900000, 0x00000000fca00000|  0%| F|  |TAMS 0x00000000fc900000, 0x00000000fc900000| Untracked 
|  10|0x00000000fca00000, 0x00000000fca00000, 0x00000000fcb00000|  0%| F|  |TAMS 0x00000000fca00000, 0x00000000fca00000| Untracked 
|  11|0x00000000fcb00000, 0x00000000fcb00000, 0x00000000fcc00000|  0%| F|  |TAMS 0x00000000fcb00000, 0x00000000fcb00000| Untracked 
|  12|0x00000000fcc00000, 0x00000000fcc00000, 0x00000000fcd00000|  0%| F|  |TAMS 0x00000000fcc00000, 0x00000000fcc00000| Untracked 
|  13|0x00000000fcd00000, 0x00000000fcd00000, 0x00000000fce00000|  0%| F|  |TAMS 0x00000000fcd00000, 0x00000000fcd00000| Untracked 
|  14|0x00000000fce00000, 0x00000000fce00000, 0x00000000fcf00000|  0%| F|  |TAMS 0x00000000fce00000, 0x00000000fce00000| Untracked 
|  15|0x00000000fcf00000, 0x00000000fcf00000, 0x00000000fd000000|  0%| F|  |TAMS 0x00000000fcf00000, 0x00000000fcf00000| Untracked 
|  16|0x00000000fd000000, 0x00000000fd000000, 0x00000000fd100000|  0%| F|  |TAMS 0x00000000fd000000, 0x00000000fd000000| Untracked 
|  17|0x00000000fd100000, 0x00000000fd100000, 0x00000000fd200000|  0%| F|  |TAMS 0x00000000fd100000, 0x00000000fd100000| Untracked 
|  18|0x00000000fd200000, 0x00000000fd200000, 0x00000000fd300000|  0%| F|  |TAMS 0x00000000fd200000, 0x00000000fd200000| Untracked 
|  19|0x00000000fd300000, 0x00000000fd300000, 0x00000000fd400000|  0%| F|  |TAMS 0x00000000fd300000, 0x00000000fd300000| Untracked 
|  20|0x00000000fd400000, 0x00000000fd400000, 0x00000000fd500000|  0%| F|  |TAMS 0x00000000fd400000, 0x00000000fd400000| Untracked 
|  21|0x00000000fd500000, 0x00000000fd500000, 0x00000000fd600000|  0%| F|  |TAMS 0x00000000fd500000, 0x00000000fd500000| Untracked 
|  22|0x00000000fd600000, 0x00000000fd600000, 0x00000000fd700000|  0%| F|  |TAMS 0x00000000fd600000, 0x00000000fd600000| Untracked 
|  23|0x00000000fd700000, 0x00000000fd700000, 0x00000000fd800000|  0%| F|  |TAMS 0x00000000fd700000, 0x00000000fd700000| Untracked 
|  24|0x00000000fd800000, 0x00000000fd800000, 0x00000000fd900000|  0%| F|  |TAMS 0x00000000fd800000, 0x00000000fd800000| Untracked 
|  25|0x00000000fd900000, 0x00000000fd900000, 0x00000000fda00000|  0%| F|  |TAMS 0x00000000fd900000, 0x00000000fd900000| Untracked 
|  26|0x00000000fda00000, 0x00000000fda00000, 0x00000000fdb00000|  0%| F|  |TAMS 0x00000000fda00000, 0x00000000fda00000| Untracked 
|  27|0x00000000fdb00000, 0x00000000fdb00000, 0x00000000fdc00000|  0%| F|  |TAMS 0x00000000fdb00000, 0x00000000fdb00000| Untracked 
|  28|0x00000000fdc00000, 0x00000000fdc00000, 0x00000000fdd00000|  0%| F|  |TAMS 0x00000000fdc00000, 0x00000000fdc00000| Untracked 
|  29|0x00000000fdd00000, 0x00000000fdd00000, 0x00000000fde00000|  0%| F|  |TAMS 0x00000000fdd00000, 0x00000000fdd00000| Untracked 
|  30|0x00000000fde00000, 0x00000000fde00000, 0x00000000fdf00000|  0%| F|  |TAMS 0x00000000fde00000, 0x00000000fde00000| Untracked 
|  31|0x00000000fdf00000, 0x00000000fdf00000, 0x00000000fe000000|  0%| F|  |TAMS 0x00000000fdf00000, 0x00000000fdf00000| Untracked 
|  32|0x00000000fe000000, 0x00000000fe000000, 0x00000000fe100000|  0%| F|  |TAMS 0x00000000fe000000, 0x00000000fe000000| Untracked 
|  33|0x00000000fe100000, 0x00000000fe100000, 0x00000000fe200000|  0%| F|  |TAMS 0x00000000fe100000, 0x00000000fe100000| Untracked 
|  34|0x00000000fe200000, 0x00000000fe200000, 0x00000000fe300000|  0%| F|  |TAMS 0x00000000fe200000, 0x00000000fe200000| Untracked 
|  35|0x00000000fe300000, 0x00000000fe300000, 0x00000000fe400000|  0%| F|  |TAMS 0x00000000fe300000, 0x00000000fe300000| Untracked 
|  36|0x00000000fe400000, 0x00000000fe400000, 0x00000000fe500000|  0%| F|  |TAMS 0x00000000fe400000, 0x00000000fe400000| Untracked 
|  37|0x00000000fe500000, 0x00000000fe500000, 0x00000000fe600000|  0%| F|  |TAMS 0x00000000fe500000, 0x00000000fe500000| Untracked 
|  38|0x00000000fe600000, 0x00000000fe700000, 0x00000000fe700000|100%| S|CS|TAMS 0x00000000fe600000, 0x00000000fe600000| Complete 
|  39|0x00000000fe700000, 0x00000000fe800000, 0x00000000fe800000|100%| S|CS|TAMS 0x00000000fe700000, 0x00000000fe700000| Complete 
|  40|0x00000000fe800000, 0x00000000fe900000, 0x00000000fe900000|100%| S|CS|TAMS 0x00000000fe800000, 0x00000000fe800000| Complete 
|  41|0x00000000fe900000, 0x00000000fe900000, 0x00000000fea00000|  0%| F|  |TAMS 0x00000000fe900000, 0x00000000fe900000| Untracked 
|  42|0x00000000fea00000, 0x00000000fea00000, 0x00000000feb00000|  0%| F|  |TAMS 0x00000000fea00000, 0x00000000fea00000| Untracked 
|  43|0x00000000feb00000, 0x00000000feb00000, 0x00000000fec00000|  0%| F|  |TAMS 0x00000000feb00000, 0x00000000feb00000| Untracked 
|  44|0x00000000fec00000, 0x00000000fec00000, 0x00000000fed00000|  0%| F|  |TAMS 0x00000000fec00000, 0x00000000fec00000| Untracked 
|  45|0x00000000fed00000, 0x00000000fed00000, 0x00000000fee00000|  0%| F|  |TAMS 0x00000000fed00000, 0x00000000fed00000| Untracked 
|  46|0x00000000fee00000, 0x00000000fee00000, 0x00000000fef00000|  0%| F|  |TAMS 0x00000000fee00000, 0x00000000fee00000| Untracked 
|  47|0x00000000fef00000, 0x00000000fef00000, 0x00000000ff000000|  0%| F|  |TAMS 0x00000000fef00000, 0x00000000fef00000| Untracked 
|  48|0x00000000ff000000, 0x00000000ff000000, 0x00000000ff100000|  0%| F|  |TAMS 0x00000000ff000000, 0x00000000ff000000| Untracked 
|  49|0x00000000ff100000, 0x00000000ff100000, 0x00000000ff200000|  0%| F|  |TAMS 0x00000000ff100000, 0x00000000ff100000| Untracked 
|  50|0x00000000ff200000, 0x00000000ff200000, 0x00000000ff300000|  0%| F|  |TAMS 0x00000000ff200000, 0x00000000ff200000| Untracked 
|  51|0x00000000ff300000, 0x00000000ff300000, 0x00000000ff400000|  0%| F|  |TAMS 0x00000000ff300000, 0x00000000ff300000| Untracked 
|  52|0x00000000ff400000, 0x00000000ff400000, 0x00000000ff500000|  0%| F|  |TAMS 0x00000000ff400000, 0x00000000ff400000| Untracked 
|  53|0x00000000ff500000, 0x00000000ff500000, 0x00000000ff600000|  0%| F|  |TAMS 0x00000000ff500000, 0x00000000ff500000| Untracked 
|  54|0x00000000ff600000, 0x00000000ff600000, 0x00000000ff700000|  0%| F|  |TAMS 0x00000000ff600000, 0x00000000ff600000| Untracked 
|  55|0x00000000ff700000, 0x00000000ff700000, 0x00000000ff800000|  0%| F|  |TAMS 0x00000000ff700000, 0x00000000ff700000| Untracked 
|  56|0x00000000ff800000, 0x00000000ff800000, 0x00000000ff900000|  0%| F|  |TAMS 0x00000000ff800000, 0x00000000ff800000| Untracked 
|  57|0x00000000ff900000, 0x00000000ff900000, 0x00000000ffa00000|  0%| F|  |TAMS 0x00000000ff900000, 0x00000000ff900000| Untracked 
|  58|0x00000000ffa00000, 0x00000000ffa00000, 0x00000000ffb00000|  0%| F|  |TAMS 0x00000000ffa00000, 0x00000000ffa00000| Untracked 
|  59|0x00000000ffb00000, 0x00000000ffb00000, 0x00000000ffc00000|  0%| F|  |TAMS 0x00000000ffb00000, 0x00000000ffb00000| Untracked 
|  60|0x00000000ffc00000, 0x00000000ffc00000, 0x00000000ffd00000|  0%| F|  |TAMS 0x00000000ffc00000, 0x00000000ffc00000| Untracked 
|  61|0x00000000ffd00000, 0x00000000ffdd82e8, 0x00000000ffe00000| 84%| E|  |TAMS 0x00000000ffd00000, 0x00000000ffd00000| Complete 
|  62|0x00000000ffe00000, 0x00000000fff00000, 0x00000000fff00000|100%| E|  |TAMS 0x00000000ffe00000, 0x00000000ffe00000| Complete 
|  63|0x00000000fff00000, 0x0000000100000000, 0x0000000100000000|100%| E|CS|TAMS 0x00000000fff00000, 0x00000000fff00000| Complete 

Card table byte_map: [0x000002b82dd20000,0x000002b82dd40000] _byte_map_base: 0x000002b82d540000

Marking Bits (Prev, Next): (CMBitMap*) 0x000002b814d3e8c0, (CMBitMap*) 0x000002b814d3e900
 Prev Bits: [0x000002b82dd60000, 0x000002b82de60000)
 Next Bits: [0x000002b82de60000, 0x000002b82df60000)

Polling page: 0x000002b814bd0000

Metaspace:

Usage:
  Non-class:      1.75 MB used.
      Class:    177.95 KB used.
       Both:      1.92 MB used.

Virtual space:
  Non-class space:       64.00 MB reserved,       1.81 MB (  3%) committed,  1 nodes.
      Class space:        1.00 GB reserved,     256.00 KB ( <1%) committed,  1 nodes.
             Both:        1.06 GB reserved,       2.06 MB ( <1%) committed. 

Chunk freelists:
   Non-Class:  11.66 MB
       Class:  15.67 MB
        Both:  27.33 MB

MaxMetaspaceSize: unlimited
CompressedClassSpaceSize: 1.00 GB
Initial GC threshold: 21.00 MB
Current GC threshold: 21.00 MB
CDS: on
MetaspaceReclaimPolicy: balanced
 - commit_granule_bytes: 65536.
 - commit_granule_words: 8192.
 - virtual_space_node_default_size: 8388608.
 - enlarge_chunks_in_place: 1.
 - new_chunks_are_fully_committed: 0.
 - uncommit_free_chunks: 1.
 - use_allocation_guard: 0.
 - handle_deallocations: 1.


Internal statistics:

num_allocs_failed_limit: 0.
num_arena_births: 14.
num_arena_deaths: 0.
num_vsnodes_births: 2.
num_vsnodes_deaths: 0.
num_space_committed: 33.
num_space_uncommitted: 0.
num_chunks_returned_to_freelist: 0.
num_chunks_taken_from_freelist: 49.
num_chunk_merges: 0.
num_chunk_splits: 24.
num_chunks_enlarged: 15.
num_inconsistent_stats: 0.

CodeHeap 'non-profiled nmethods': size=120000Kb used=262Kb max_used=262Kb free=119737Kb
 bounds [0x000002b825b50000, 0x000002b825dc0000, 0x000002b82d080000]
CodeHeap 'profiled nmethods': size=120000Kb used=1285Kb max_used=1285Kb free=118714Kb
 bounds [0x000002b81e080000, 0x000002b81e2f0000, 0x000002b8255b0000]
CodeHeap 'non-nmethods': size=5760Kb used=1122Kb max_used=1141Kb free=4637Kb
 bounds [0x000002b8255b0000, 0x000002b825820000, 0x000002b825b50000]
 total_blobs=1117 nmethods=714 adapters=316
 compilation: enabled
              stopped_count=0, restarted_count=0
 full_count=0

Compilation events (20 events):
Event: 0.417 Thread 0x000002b830b5c040 nmethod 682 0x000002b825b8f810 code [0x000002b825b8f9c0, 0x000002b825b90088]
Event: 0.417 Thread 0x000002b830b5c040  685       4       java.lang.AbstractStringBuilder::putStringAt (12 bytes)
Event: 0.418 Thread 0x000002b830b5d940  689   !   3       java.util.zip.ZipFile$ZipFileInflaterInputStream::close (67 bytes)
Event: 0.419 Thread 0x000002b830b5d940 nmethod 689 0x000002b81e1b1990 code [0x000002b81e1b1bc0, 0x000002b81e1b23f8]
Event: 0.419 Thread 0x000002b830b5c040 nmethod 685 0x000002b825b90490 code [0x000002b825b90620, 0x000002b825b907d8]
Event: 0.426 Thread 0x000002b830b5d940  690   !   3       java.util.zip.ZipFile$Source::checkAndAddEntry (262 bytes)
Event: 0.427 Thread 0x000002b830b5c040  692       4       java.util.zip.ZipUtils::CENSIG (8 bytes)
Event: 0.428 Thread 0x000002b830b5d940 nmethod 690 0x000002b81e1b2790 code [0x000002b81e1b2b60, 0x000002b81e1b43c8]
Event: 0.428 Thread 0x000002b830b5d940  691       3       java.util.zip.ZipFile$Source::isMetaName (141 bytes)
Event: 0.428 Thread 0x000002b830b5c040 nmethod 692 0x000002b825b90990 code [0x000002b825b90b00, 0x000002b825b90bf8]
Event: 0.428 Thread 0x000002b830b5c040  693       4       java.util.zip.ZipUtils::CENHOW (9 bytes)
Event: 0.428 Thread 0x000002b830b5d940 nmethod 691 0x000002b81e1b5110 code [0x000002b81e1b52c0, 0x000002b81e1b5798]
Event: 0.429 Thread 0x000002b830b5c040 nmethod 693 0x000002b825b90d10 code [0x000002b825b90e80, 0x000002b825b90f38]
Event: 0.429 Thread 0x000002b830b5c040  694   !   4       java.util.zip.ZipFile$Source::checkAndAddEntry (262 bytes)
Event: 0.431 Thread 0x000002b830b5d940  697       3       java.util.zip.ZipFile$Source::getMetaVersion (221 bytes)
Event: 0.432 Thread 0x000002b830b5d940 nmethod 697 0x000002b81e1b5990 code [0x000002b81e1b5b80, 0x000002b81e1b62b8]
Event: 0.435 Thread 0x000002b830b5d940  698       3       java.lang.String::hashCode (60 bytes)
Event: 0.435 Thread 0x000002b830b5d940 nmethod 698 0x000002b81e1b6510 code [0x000002b81e1b66e0, 0x000002b81e1b6a38]
Event: 0.436 Thread 0x000002b830b5d940  699       3       java.net.URL::getDefaultPort (8 bytes)
Event: 0.436 Thread 0x000002b830b5d940 nmethod 699 0x000002b81e1b6b10 code [0x000002b81e1b6ca0, 0x000002b81e1b6e98]

GC Heap History (2 events):
Event: 0.391 GC heap before
{Heap before GC invocations=0 (full 0):
 garbage-first heap   total 65536K, used 22528K [0x00000000fc000000, 0x0000000100000000)
  region size 1024K, 23 young (23552K), 0 survivors (0K)
 Metaspace       used 1838K, committed 1920K, reserved 1114112K
  class space    used 160K, committed 192K, reserved 1048576K
}
Event: 0.396 GC heap after
{Heap after GC invocations=1 (full 0):
 garbage-first heap   total 65536K, used 4456K [0x00000000fc000000, 0x0000000100000000)
  region size 1024K, 3 young (3072K), 3 survivors (3072K)
 Metaspace       used 1838K, committed 1920K, reserved 1114112K
  class space    used 160K, committed 192K, reserved 1048576K
}

Dll operation events (7 events):
Event: 0.005 Loaded shared library C:\Program Files\Eclipse Adoptium\jdk-17.0.15.6-hotspot\bin\java.dll
Event: 0.020 Loaded shared library C:\Program Files\Eclipse Adoptium\jdk-17.0.15.6-hotspot\bin\jsvml.dll
Event: 0.043 Loaded shared library C:\Program Files\Eclipse Adoptium\jdk-17.0.15.6-hotspot\bin\net.dll
Event: 0.061 Loaded shared library C:\Program Files\Eclipse Adoptium\jdk-17.0.15.6-hotspot\bin\nio.dll
Event: 0.062 Loaded shared library C:\Program Files\Eclipse Adoptium\jdk-17.0.15.6-hotspot\bin\zip.dll
Event: 0.065 Loaded shared library C:\Program Files\Eclipse Adoptium\jdk-17.0.15.6-hotspot\bin\verify.dll
Event: 0.312 Loaded shared library C:\Program Files\Eclipse Adoptium\jdk-17.0.15.6-hotspot\bin\jimage.dll

Deoptimization events (20 events):
Event: 0.351 Thread 0x000002b814d1dc30 DEOPT PACKING pc=0x000002b81e100338 sp=0x000000c0460fc1f0
Event: 0.351 Thread 0x000002b814d1dc30 DEOPT UNPACKING pc=0x000002b825607143 sp=0x000000c0460fb708 mode 0
Event: 0.359 Thread 0x000002b814d1dc30 Uncommon trap: trap_request=0xffffff45 fr.pc=0x000002b825b7a6b0 relative=0x0000000000000190
Event: 0.359 Thread 0x000002b814d1dc30 Uncommon trap: reason=unstable_if action=reinterpret pc=0x000002b825b7a6b0 method=java.util.zip.ZipFile$Source.isMetaName([BII)Z @ 43 c2
Event: 0.359 Thread 0x000002b814d1dc30 DEOPT PACKING pc=0x000002b825b7a6b0 sp=0x000000c0460fc060
Event: 0.359 Thread 0x000002b814d1dc30 DEOPT UNPACKING pc=0x000002b8256069a3 sp=0x000000c0460fc008 mode 2
Event: 0.426 Thread 0x000002b814d1dc30 Uncommon trap: trap_request=0xffffff45 fr.pc=0x000002b825b8c3d4 relative=0x0000000000000994
Event: 0.426 Thread 0x000002b814d1dc30 Uncommon trap: reason=unstable_if action=reinterpret pc=0x000002b825b8c3d4 method=java.util.zip.ZipCoder$UTF8ZipCoder.checkedHash([BII)I @ 27 c2
Event: 0.426 Thread 0x000002b814d1dc30 DEOPT PACKING pc=0x000002b825b8c3d4 sp=0x000000c0460fbf70
Event: 0.426 Thread 0x000002b814d1dc30 DEOPT UNPACKING pc=0x000002b8256069a3 sp=0x000000c0460fbeb8 mode 2
Event: 0.426 Thread 0x000002b814d1dc30 Uncommon trap: trap_request=0xffffff45 fr.pc=0x000002b825b5b738 relative=0x00000000000001b8
Event: 0.426 Thread 0x000002b814d1dc30 Uncommon trap: reason=unstable_if action=reinterpret pc=0x000002b825b5b738 method=java.lang.String.hashCode()I @ 20 c2
Event: 0.426 Thread 0x000002b814d1dc30 DEOPT PACKING pc=0x000002b825b5b738 sp=0x000000c0460fbdf0
Event: 0.426 Thread 0x000002b814d1dc30 DEOPT UNPACKING pc=0x000002b8256069a3 sp=0x000000c0460fbd80 mode 2
Event: 0.426 Thread 0x000002b814d1dc30 Uncommon trap: trap_request=0xffffff45 fr.pc=0x000002b825b8d9b0 relative=0x0000000000000190
Event: 0.426 Thread 0x000002b814d1dc30 Uncommon trap: reason=unstable_if action=reinterpret pc=0x000002b825b8d9b0 method=java.util.zip.ZipFile$Source.isMetaName([BII)Z @ 57 c2
Event: 0.426 Thread 0x000002b814d1dc30 DEOPT PACKING pc=0x000002b825b8d9b0 sp=0x000000c0460fc000
Event: 0.426 Thread 0x000002b814d1dc30 DEOPT UNPACKING pc=0x000002b8256069a3 sp=0x000000c0460fbf90 mode 2
Event: 0.436 Thread 0x000002b814d1dc30 DEOPT PACKING pc=0x000002b81e0b8a78 sp=0x000000c0460fc350
Event: 0.436 Thread 0x000002b814d1dc30 DEOPT UNPACKING pc=0x000002b825607143 sp=0x000000c0460fb810 mode 0

Classes loaded (20 events):
Event: 0.125 Loading class java/io/FilePermissionCollection
Event: 0.126 Loading class java/io/FilePermissionCollection done
Event: 0.126 Loading class java/util/Vector
Event: 0.126 Loading class java/util/Vector done
Event: 0.126 Loading class java/io/FilePermissionCollection$1
Event: 0.126 Loading class java/io/FilePermissionCollection$1 done
Event: 0.136 Loading class java/net/MalformedURLException
Event: 0.136 Loading class java/net/MalformedURLException done
Event: 0.137 Loading class java/io/FileFilter
Event: 0.137 Loading class java/io/FileFilter done
Event: 0.152 Loading class java/util/AbstractList$Itr
Event: 0.153 Loading class java/util/AbstractList$Itr done
Event: 0.165 Loading class java/lang/invoke/DirectMethodHandle$Special
Event: 0.165 Loading class java/lang/invoke/DirectMethodHandle$Special done
Event: 0.328 Loading class java/io/BufferedReader
Event: 0.328 Loading class java/io/BufferedReader done
Event: 0.329 Loading class sun/nio/cs/StreamDecoder
Event: 0.329 Loading class sun/nio/cs/StreamDecoder done
Event: 0.329 Loading class sun/nio/cs/UTF_8$Decoder
Event: 0.329 Loading class sun/nio/cs/UTF_8$Decoder done

Classes unloaded (0 events):
No events

Classes redefined (0 events):
No events

Internal exceptions (1 events):
Event: 0.133 Thread 0x000002b814d1dc30 Exception <a 'java/lang/NoSuchMethodError'{0x00000000ffded518}: 'int java.lang.invoke.DirectMethodHandle$Holder.invokeStaticInit(java.lang.Object, java.lang.Object)'> (0x00000000ffded518) 
thrown [s\src\hotspot\share\interpreter\linkResolver.cpp, line 759]

VM Operations (4 events):
Event: 0.063 Executing VM operation: HandshakeAllThreads
Event: 0.063 Executing VM operation: HandshakeAllThreads done
Event: 0.390 Executing VM operation: G1CollectForAllocation
Event: 0.396 Executing VM operation: G1CollectForAllocation done

Memory protections (0 events):
No events

Nmethod flushes (0 events):
No events

Events (12 events):
Event: 0.020 Thread 0x000002b814d1dc30 Thread added: 0x000002b814d1dc30
Event: 0.023 Thread 0x000002b814d1dc30 Thread added: 0x000002b814dcd1a0
Event: 0.023 Thread 0x000002b814d1dc30 Thread added: 0x000002b814dcdf30
Event: 0.029 Thread 0x000002b814d1dc30 Thread added: 0x000002b814ddd150
Event: 0.029 Thread 0x000002b814d1dc30 Thread added: 0x000002b814ddd630
Event: 0.029 Thread 0x000002b814d1dc30 Thread added: 0x000002b814dde6a0
Event: 0.029 Thread 0x000002b814d1dc30 Thread added: 0x000002b830b576f0
Event: 0.030 Thread 0x000002b814d1dc30 Thread added: 0x000002b830b5c040
Event: 0.030 Thread 0x000002b814d1dc30 Thread added: 0x000002b830b5d940
Event: 0.030 Thread 0x000002b814d1dc30 Thread added: 0x000002b830b68a30
Event: 0.039 Thread 0x000002b814d1dc30 Thread added: 0x000002b876070a60
Event: 0.041 Thread 0x000002b814d1dc30 Thread added: 0x000002b8760731f0


Dynamic libraries:
0x00007ff7ae910000 - 0x00007ff7ae91e000 	C:\Program Files\Eclipse Adoptium\jdk-17.0.15.6-hotspot\bin\java.exe
0x00007ffa3a310000 - 0x00007ffa3a504000 	C:\Windows\SYSTEM32\ntdll.dll
0x00007ffa39670000 - 0x00007ffa3972d000 	C:\Windows\System32\KERNEL32.DLL
0x00007ffa37bc0000 - 0x00007ffa37e87000 	C:\Windows\System32\KERNELBASE.dll
0x00007ffa38080000 - 0x00007ffa38180000 	C:\Windows\System32\ucrtbase.dll
0x00007ffa306e0000 - 0x00007ffa306fe000 	C:\Program Files\Eclipse Adoptium\jdk-17.0.15.6-hotspot\bin\VCRUNTIME140.dll
0x00007ffa33660000 - 0x00007ffa33677000 	C:\Program Files\Eclipse Adoptium\jdk-17.0.15.6-hotspot\bin\jli.dll
0x00007ffa38fb0000 - 0x00007ffa39150000 	C:\Windows\System32\USER32.dll
0x00007ffa37b40000 - 0x00007ffa37b62000 	C:\Windows\System32\win32u.dll
0x00007ffa280e0000 - 0x00007ffa2837a000 	C:\Windows\WinSxS\amd64_microsoft.windows.common-controls_6595b64144ccf1df_6.0.19041.1_none_b555e41d4684ddec\COMCTL32.dll
0x00007ffa39e10000 - 0x00007ffa39e3a000 	C:\Windows\System32\GDI32.dll
0x00007ffa387d0000 - 0x00007ffa3886e000 	C:\Windows\System32\msvcrt.dll
0x00007ffa37ef0000 - 0x00007ffa37ffa000 	C:\Windows\System32\gdi32full.dll
0x00007ffa38180000 - 0x00007ffa3821d000 	C:\Windows\System32\msvcp_win.dll
0x00007ffa39150000 - 0x00007ffa39180000 	C:\Windows\System32\IMM32.DLL
0x00007ffa35350000 - 0x00007ffa3535c000 	C:\Program Files\Eclipse Adoptium\jdk-17.0.15.6-hotspot\bin\vcruntime140_1.dll
0x00007ffa1b3f0000 - 0x00007ffa1b47d000 	C:\Program Files\Eclipse Adoptium\jdk-17.0.15.6-hotspot\bin\msvcp140.dll
0x00007ffa02160000 - 0x00007ffa02dcb000 	C:\Program Files\Eclipse Adoptium\jdk-17.0.15.6-hotspot\bin\server\jvm.dll
0x00007ffa39cd0000 - 0x00007ffa39d7a000 	C:\Windows\System32\ADVAPI32.dll
0x00007ffa39f70000 - 0x00007ffa3a00b000 	C:\Windows\System32\sechost.dll
0x00007ffa39ba0000 - 0x00007ffa39cc3000 	C:\Windows\System32\RPCRT4.dll
0x00007ffa3a260000 - 0x00007ffa3a2cb000 	C:\Windows\System32\WS2_32.dll
0x00007ffa378d0000 - 0x00007ffa3791b000 	C:\Windows\SYSTEM32\POWRPROF.dll
0x00007ffa31cc0000 - 0x00007ffa31cca000 	C:\Windows\SYSTEM32\VERSION.dll
0x00007ffa26ff0000 - 0x00007ffa27017000 	C:\Windows\SYSTEM32\WINMM.dll
0x00007ffa378b0000 - 0x00007ffa378c2000 	C:\Windows\SYSTEM32\UMPDC.dll
0x00007ffa35a10000 - 0x00007ffa35a23000 	C:\Windows\SYSTEM32\kernel.appcore.dll
0x00007ffa306d0000 - 0x00007ffa306da000 	C:\Program Files\Eclipse Adoptium\jdk-17.0.15.6-hotspot\bin\jimage.dll
0x00007ffa26e00000 - 0x00007ffa26fe4000 	C:\Windows\SYSTEM32\DBGHELP.DLL
0x00007ffa24740000 - 0x00007ffa2476c000 	C:\Windows\SYSTEM32\dbgcore.DLL
0x00007ffa38000000 - 0x00007ffa3807f000 	C:\Windows\System32\bcryptPrimitives.dll
0x00007ffa1f610000 - 0x00007ffa1f635000 	C:\Program Files\Eclipse Adoptium\jdk-17.0.15.6-hotspot\bin\java.dll
0x00007ffa04c70000 - 0x00007ffa04d47000 	C:\Program Files\Eclipse Adoptium\jdk-17.0.15.6-hotspot\bin\jsvml.dll
0x00007ffa38870000 - 0x00007ffa38fa4000 	C:\Windows\System32\SHELL32.dll
0x00007ffa35c10000 - 0x00007ffa3639e000 	C:\Windows\SYSTEM32\windows.storage.dll
0x00007ffa39180000 - 0x00007ffa394d3000 	C:\Windows\System32\combase.dll
0x00007ffa37410000 - 0x00007ffa3743b000 	C:\Windows\SYSTEM32\Wldp.dll
0x00007ffa38540000 - 0x00007ffa385ee000 	C:\Windows\System32\SHCORE.dll
0x00007ffa39610000 - 0x00007ffa39665000 	C:\Windows\System32\shlwapi.dll
0x00007ffa379a0000 - 0x00007ffa379bf000 	C:\Windows\SYSTEM32\profapi.dll
0x00007ffa2e800000 - 0x00007ffa2e819000 	C:\Program Files\Eclipse Adoptium\jdk-17.0.15.6-hotspot\bin\net.dll
0x00007ffa308d0000 - 0x00007ffa309d0000 	C:\Windows\SYSTEM32\WINHTTP.dll
0x0000000180000000 - 0x000000018008c000 	C:\Windows\system32\ASProxy64.dll
0x00007ffa39e40000 - 0x00007ffa39f69000 	C:\Windows\System32\ole32.dll
0x00007ffa3a190000 - 0x00007ffa3a25d000 	C:\Windows\System32\OLEAUT32.dll
0x00007ffa36e80000 - 0x00007ffa36ebb000 	C:\Windows\SYSTEM32\IPHLPAPI.DLL
0x00007ffa37190000 - 0x00007ffa371fa000 	C:\Windows\SYSTEM32\MSWSOCK.dll
0x00007ffa37920000 - 0x00007ffa37951000 	C:\Windows\SYSTEM32\SspiCli.dll
0x00007ffa35550000 - 0x00007ffa355ef000 	C:\Windows\system32\uxtheme.dll
0x00007ffa3a010000 - 0x00007ffa3a0b8000 	C:\Windows\System32\clbcatq.dll
0x00007ffa377a0000 - 0x00007ffa37842000 	C:\Windows\SYSTEM32\sxs.dll
0x00007ffa1f590000 - 0x00007ffa1f5a6000 	C:\Program Files\Eclipse Adoptium\jdk-17.0.15.6-hotspot\bin\nio.dll
0x00007ffa1f320000 - 0x00007ffa1f338000 	C:\Program Files\Eclipse Adoptium\jdk-17.0.15.6-hotspot\bin\zip.dll
0x00007ffa306c0000 - 0x00007ffa306d0000 	C:\Program Files\Eclipse Adoptium\jdk-17.0.15.6-hotspot\bin\verify.dll

dbghelp: loaded successfully - version: 4.0.5 - missing functions: none
symbol engine: initialized successfully - sym options: 0x614 - pdb path: .;C:\Program Files\Eclipse Adoptium\jdk-17.0.15.6-hotspot\bin;C:\Windows\SYSTEM32;C:\Windows\WinSxS\amd64_microsoft.windows.common-controls_6595b64144ccf1df_6.0.19041.1_none_b555e41d4684ddec;C:\Program Files\Eclipse Adoptium\jdk-17.0.15.6-hotspot\bin\server

VM Arguments:
jvm_args: -Xmx64m -Xms64m -Dorg.gradle.appname=gradlew 
java_command: org.gradle.wrapper.GradleWrapperMain --stop
java_class_path (initial): C:\App\BookingAppNative\android\\gradle\wrapper\gradle-wrapper.jar
Launcher Type: SUN_STANDARD

[Global flags]
     intx CICompilerCount                          = 4                                         {product} {ergonomic}
     uint ConcGCThreads                            = 3                                         {product} {ergonomic}
     uint G1ConcRefinementThreads                  = 10                                        {product} {ergonomic}
   size_t G1HeapRegionSize                         = 1048576                                   {product} {ergonomic}
    uintx GCDrainStackTargetSize                   = 64                                        {product} {ergonomic}
   size_t InitialHeapSize                          = 67108864                                  {product} {command line}
   size_t MarkStackSize                            = 4194304                                   {product} {ergonomic}
   size_t MaxHeapSize                              = 67108864                                  {product} {command line}
   size_t MaxNewSize                               = 39845888                                  {product} {ergonomic}
   size_t MinHeapDeltaBytes                        = 1048576                                   {product} {ergonomic}
   size_t MinHeapSize                              = 67108864                                  {product} {command line}
    uintx NonNMethodCodeHeapSize                   = 5839372                                {pd product} {ergonomic}
    uintx NonProfiledCodeHeapSize                  = 122909434                              {pd product} {ergonomic}
    uintx ProfiledCodeHeapSize                     = 122909434                              {pd product} {ergonomic}
    uintx ReservedCodeCacheSize                    = 251658240                              {pd product} {ergonomic}
     bool SegmentedCodeCache                       = true                                      {product} {ergonomic}
   size_t SoftMaxHeapSize                          = 67108864                               {manageable} {ergonomic}
     bool UseCompressedClassPointers               = true                           {product lp64_product} {ergonomic}
     bool UseCompressedOops                        = true                           {product lp64_product} {ergonomic}
     bool UseG1GC                                  = true                                      {product} {ergonomic}
     bool UseLargePagesIndividualAllocation        = false                                  {pd product} {ergonomic}

Logging:
Log output configuration:
 #0: stdout all=warning uptime,level,tags
 #1: stderr all=off uptime,level,tags

Environment Variables:
JAVA_HOME=C:\Program Files\Eclipse Adoptium\jdk-17.0.15.6-hotspot
CLASSPATH=C:\App\BookingAppNative\android\\gradle\wrapper\gradle-wrapper.jar
PATH=C:\App\BookingAppNative\node_modules\.bin;C:\App\BookingAppNative\node_modules\.bin;C:\App\node_modules\.bin;C:\node_modules\.bin;C:\Users\d\AppData\Local\nvm\v20.19.5\node_modules\npm\node_modules\@npmcli\run-script\lib\node-gyp-bin;C:\Program Files (x86)\VMware\VMware Workstation\bin\;C:\Program Files\Eclipse Adoptium\jdk-17.0.15.6-hotspot\bin;C:\Windows\system32;C:\Windows;C:\Windows\System32\Wbem;C:\Windows\System32\WindowsPowerShell\v1.0\;C:\Windows\System32\OpenSSH\;C:\Users\d\AppData\Local\nvm;C:\nvm4w\nodejs;C:\Users\d\AppData\Local\Android\Sdk\platform-tools;C:\Program Files\PostgreSQL\17\bin;c:\Users\d\AppData\Local\Programs\cursor\resources\app\bin;C:\Program Files\Git\cmd;C:\Program Files\dotnet\;C:\Program Files\PuTTY\;C:\Users\d\AppData\Local\Programs\Python\Python313\Scripts\;C:\Users\d\AppData\Local\Programs\Python\Python313\;C:\Program Files\nodejs\;C:\Users\d\AppData\Local\Programs\Python\Python313\Scripts\;C:\Users\d\AppData\Local\Programs\Python\Python313\;C:\Users\d\AppData\Local\Android\Sdk\tools;C:\Users\d\AppData\Local\Microsoft\WindowsApps;C:\Users\d\AppData\Local\Programs\Microsoft VS Code\bin;C:\Users\d\AppData\Local\nvm;C:\nvm4w\nodejs;C:\Users\d\AppData\Local\Android\Sdk\emulator;C:\Users\d\AppData\Local\Android\Sdk\platform-tools;C:\Users\d\AppData\Local\Android\Sdk\tools;C:\Users\d\AppData\Local\Android\Sdk\tools\bin;C:\Users\d\AppData\Local\Programs\cursor\resources\app\bin;C:\Users\d\AppData\Roaming\npm
USERNAME=d
LANG=en_US.UTF-8
OS=Windows_NT
PROCESSOR_IDENTIFIER=Intel64 Family 6 Model 158 Stepping 10, GenuineIntel
TMP=C:\Users\d\AppData\Local\Temp
TEMP=C:\Users\d\AppData\Local\Temp



Periodic native trim disabled


---------------  S Y S T E M  ---------------

OS:
 Windows 10 , 64 bit Build 19041 (10.0.19041.292)
OS uptime: 4 days 7:51 hours

CPU: total 12 (initial active 12) (6 cores per cpu, 2 threads per core) family 6 model 158 stepping 10 microcode 0xb4, cx8, cmov, fxsr, ht, mmx, 3dnowpref, sse, sse2, sse3, ssse3, sse4.1, sse4.2, popcnt, lzcnt, tsc, tscinvbit, avx, avx2, aes, erms, clmul, bmi1, bmi2, rtm, adx, fma, vzeroupper, clflush, clflushopt
Processor Information for all 12 processors :
  Max Mhz: 3192, Current Mhz: 3192, Mhz Limit: 3192

Memory: 4k page, system-wide physical 32591M (329M free)
TotalPageFile size 63062M (AvailPageFile size 9M)
current process WorkingSet (physical memory assigned to process): 75M, peak: 78M
current process commit charge ("private bytes"): 153M, peak: 158M

vm_info: OpenJDK 64-Bit Server VM (17.0.15+6) for windows-amd64 JRE (17.0.15+6), built on Apr 15 2025 21:25:47 by "admin" with MS VC++ 17.7 (VS2022)

END.
