#
# There is insufficient memory for the Java Runtime Environment to continue.
# Native memory allocation (malloc) failed to allocate 757520 bytes. Error detail: Chunk::new
# Possible reasons:
#   The system is out of physical RAM or swap space
#   This process is running with CompressedOops enabled, and the Java Heap may be blocking the growth of the native heap
# Possible solutions:
#   Reduce memory load on the system
#   Increase physical memory or swap space
#   Check if swap backing store is full
#   Decrease Java heap size (-Xmx/-Xms)
#   Decrease number of Java threads
#   Decrease Java thread stack sizes (-Xss)
#   Set larger code cache with -XX:ReservedCodeCacheSize=
#   JVM is running with Unscaled Compressed Oops mode in which the Java heap is
#     placed in the first 4GB address space. The Java Heap base address is the
#     maximum limit for the native heap growth. Please use -XX:HeapBaseMinAddress
#     to set the Java Heap base and to place the Java Heap above 4GB virtual address.
# This output file may be truncated or incomplete.
#
#  Out of Memory Error (arena.cpp:191), pid=66472, tid=66500
#
# JRE version: OpenJDK Runtime Environment Temurin-17.0.15+6 (17.0.15+6) (build 17.0.15+6)
# Java VM: OpenJDK 64-Bit Server VM Temurin-17.0.15+6 (17.0.15+6, mixed mode, sharing, tiered, compressed oops, compressed class ptrs, g1 gc, windows-amd64)
# No core dump will be written. Minidumps are not enabled by default on client versions of Windows
#

---------------  S U M M A R Y ------------

Command Line: -Xmx64m -Xms64m -Dorg.gradle.dependency.verification=off -Dorg.gradle.configuration-cache=false -Dorg.gradle.appname=gradlew org.gradle.wrapper.GradleWrapperMain --stop

Host: Intel(R) Core(TM) i7-8700 CPU @ 3.20GHz, 12 cores, 31G,  Windows 10 , 64 bit Build 19041 (10.0.19041.292)
Time: Sat Nov  8 22:14:25 2025 Pacific Standard Time elapsed time: 0.506260 seconds (0d 0h 0m 0s)

---------------  T H R E A D  ---------------

Current thread (0x0000020320637790):  JavaThread "C2 CompilerThread1" daemon [_thread_in_native, id=66500, stack(0x000000298db00000,0x000000298dc00000)]


Current CompileTask:
C2:    506  758  s!   4       jdk.internal.loader.URLClassPath::getLoader (194 bytes)

Stack: [0x000000298db00000,0x000000298dc00000]
Native frames: (J=compiled Java code, j=interpreted, Vv=VM code, C=native code)
V  [jvm.dll+0x682fc9]
V  [jvm.dll+0x839878]
V  [jvm.dll+0x83b323]
V  [jvm.dll+0x83b993]
V  [jvm.dll+0x24725f]
V  [jvm.dll+0xacea4]
V  [jvm.dll+0xad53c]
V  [jvm.dll+0x365c6e]
V  [jvm.dll+0x32fe58]
V  [jvm.dll+0x32f2da]
V  [jvm.dll+0x21824f]
V  [jvm.dll+0x21768f]
V  [jvm.dll+0x1a31b0]
V  [jvm.dll+0x227a9c]
V  [jvm.dll+0x225bfb]
V  [jvm.dll+0x7ef018]
V  [jvm.dll+0x7e94dc]
V  [jvm.dll+0x681ea7]
C  [ucrtbase.dll+0x21542]
C  [KERNEL32.DLL+0x16fd4]
C  [ntdll.dll+0x4cec1]


---------------  P R O C E S S  ---------------

Threads class SMR info:
_java_thread_list=0x000002036600abd0, length=14, elements={
0x00000203043dfa60, 0x00000203201e15a0, 0x00000203201e2330, 0x00000203201fc680,
0x00000203201fef60, 0x00000203201ff830, 0x0000020320201510, 0x00000203202029d0,
0x0000020320203390, 0x000002032020dcc0, 0x00000203204a85d0, 0x00000203204abd30,
0x0000020320637790, 0x0000020366147450
}

Java Threads: ( => current thread )
  0x00000203043dfa60 JavaThread "main" [_thread_in_native, id=65808, stack(0x000000298bc00000,0x000000298bd00000)]
  0x00000203201e15a0 JavaThread "Reference Handler" daemon [_thread_blocked, id=65864, stack(0x000000298c300000,0x000000298c400000)]
  0x00000203201e2330 JavaThread "Finalizer" daemon [_thread_blocked, id=65852, stack(0x000000298c400000,0x000000298c500000)]
  0x00000203201fc680 JavaThread "Signal Dispatcher" daemon [_thread_blocked, id=65816, stack(0x000000298c500000,0x000000298c600000)]
  0x00000203201fef60 JavaThread "Attach Listener" daemon [_thread_blocked, id=65856, stack(0x000000298c600000,0x000000298c700000)]
  0x00000203201ff830 JavaThread "Service Thread" daemon [_thread_blocked, id=65860, stack(0x000000298c700000,0x000000298c800000)]
  0x0000020320201510 JavaThread "Monitor Deflation Thread" daemon [_thread_blocked, id=65872, stack(0x000000298c800000,0x000000298c900000)]
  0x00000203202029d0 JavaThread "C2 CompilerThread0" daemon [_thread_in_native, id=65868, stack(0x000000298c900000,0x000000298ca00000)]
  0x0000020320203390 JavaThread "C1 CompilerThread0" daemon [_thread_blocked, id=65876, stack(0x000000298ca00000,0x000000298cb00000)]
  0x000002032020dcc0 JavaThread "Sweeper thread" daemon [_thread_blocked, id=65880, stack(0x000000298cb00000,0x000000298cc00000)]
  0x00000203204a85d0 JavaThread "Notification Thread" daemon [_thread_blocked, id=65884, stack(0x000000298cc00000,0x000000298cd00000)]
  0x00000203204abd30 JavaThread "Common-Cleaner" daemon [_thread_blocked, id=65892, stack(0x000000298ce00000,0x000000298cf00000)]
=>0x0000020320637790 JavaThread "C2 CompilerThread1" daemon [_thread_in_native, id=66500, stack(0x000000298db00000,0x000000298dc00000)]
  0x0000020366147450 JavaThread "C2 CompilerThread2" daemon [_thread_in_native, id=65704, stack(0x000000298e000000,0x000000298e100000)]

Other Threads:
  0x00000203201dbbf0 VMThread "VM Thread" [stack: 0x000000298c200000,0x000000298c300000] [id=65840]
  0x00000203204aaec0 WatcherThread [stack: 0x000000298cd00000,0x000000298ce00000] [id=65888]
  0x00000203044003d0 GCTaskThread "GC Thread#0" [stack: 0x000000298bd00000,0x000000298be00000] [id=65824]
  0x000002036600ded0 GCTaskThread "GC Thread#1" [stack: 0x000000298e100000,0x000000298e200000] [id=66368]
  0x000002036600d950 GCTaskThread "GC Thread#2" [stack: 0x000000298e200000,0x000000298e300000] [id=52860]
  0x000002036600e450 GCTaskThread "GC Thread#3" [stack: 0x000000298e300000,0x000000298e400000] [id=64148]
  0x0000020304401a30 ConcurrentGCThread "G1 Main Marker" [stack: 0x000000298be00000,0x000000298bf00000] [id=65828]
  0x0000020304404370 ConcurrentGCThread "G1 Conc#0" [stack: 0x000000298bf00000,0x000000298c000000] [id=65832]
  0x00000203200a04a0 ConcurrentGCThread "G1 Refine#0" [stack: 0x000000298c000000,0x000000298c100000] [id=65848]
  0x00000203200a0ce0 ConcurrentGCThread "G1 Service" [stack: 0x000000298c100000,0x000000298c200000] [id=65836]

Threads with active compile tasks:
C2 CompilerThread0      529  777   !   4       jdk.internal.loader.URLClassPath$JarLoader::getResource (65 bytes)
C2 CompilerThread1      529  758  s!   4       jdk.internal.loader.URLClassPath::getLoader (194 bytes)
C2 CompilerThread2      529  778       4       java.util.jar.JarFile::getEntry (35 bytes)

VM state: not at safepoint (normal execution)

VM Mutex/Monitor currently owned by a thread: None

Heap address: 0x00000000fc000000, size: 64 MB, Compressed Oops mode: 32-bit

CDS archive(s) mapped at: [0x0000020321000000-0x0000020321bb0000-0x0000020321bb0000), size 12255232, SharedBaseAddress: 0x0000020321000000, ArchiveRelocationMode: 1.
Compressed class space mapped at: 0x0000020322000000-0x0000020362000000, reserved size: 1073741824
Narrow klass base: 0x0000020321000000, Narrow klass shift: 0, Narrow klass range: 0x100000000

GC Precious Log:
 CPUs: 12 total, 12 available
 Memory: 32591M
 Large Page Support: Disabled
 NUMA Support: Disabled
 Compressed Oops: Enabled (32-bit)
 Heap Region Size: 1M
 Heap Min Capacity: 64M
 Heap Initial Capacity: 64M
 Heap Max Capacity: 64M
 Pre-touch: Disabled
 Parallel Workers: 10
 Concurrent Workers: 3
 Concurrent Refinement Workers: 10
 Periodic GC: Disabled

Heap:
 garbage-first heap   total 65536K, used 14152K [0x00000000fc000000, 0x0000000100000000)
  region size 1024K, 10 young (10240K), 3 survivors (3072K)
 Metaspace       used 2918K, committed 3072K, reserved 1114112K
  class space    used 310K, committed 384K, reserved 1048576K

Heap Regions: E=young(eden), S=young(survivor), O=old, HS=humongous(starts), HC=humongous(continues), CS=collection set, F=free, OA=open archive, CA=closed archive, TAMS=top-at-mark-start (previous, next)
|   0|0x00000000fc000000, 0x00000000fc100000, 0x00000000fc100000|100%| O|  |TAMS 0x00000000fc000000, 0x00000000fc000000| Untracked 
|   1|0x00000000fc100000, 0x00000000fc1d2200, 0x00000000fc200000| 82%| O|  |TAMS 0x00000000fc100000, 0x00000000fc100000| Untracked 
|   2|0x00000000fc200000, 0x00000000fc300000, 0x00000000fc300000|100%|HS|  |TAMS 0x00000000fc200000, 0x00000000fc200000| Complete 
|   3|0x00000000fc300000, 0x00000000fc400000, 0x00000000fc400000|100%|HC|  |TAMS 0x00000000fc300000, 0x00000000fc300000| Complete 
|   4|0x00000000fc400000, 0x00000000fc500000, 0x00000000fc500000|100%|HC|  |TAMS 0x00000000fc400000, 0x00000000fc400000| Complete 
|   5|0x00000000fc500000, 0x00000000fc600000, 0x00000000fc600000|100%|HC|  |TAMS 0x00000000fc500000, 0x00000000fc500000| Complete 
|   6|0x00000000fc600000, 0x00000000fc600000, 0x00000000fc700000|  0%| F|  |TAMS 0x00000000fc600000, 0x00000000fc600000| Untracked 
|   7|0x00000000fc700000, 0x00000000fc700000, 0x00000000fc800000|  0%| F|  |TAMS 0x00000000fc700000, 0x00000000fc700000| Untracked 
|   8|0x00000000fc800000, 0x00000000fc800000, 0x00000000fc900000|  0%| F|  |TAMS 0x00000000fc800000, 0x00000000fc800000| Untracked 
|   9|0x00000000fc900000, 0x00000000fc900000, 0x00000000fca00000|  0%| F|  |TAMS 0x00000000fc900000, 0x00000000fc900000| Untracked 
|  10|0x00000000fca00000, 0x00000000fca00000, 0x00000000fcb00000|  0%| F|  |TAMS 0x00000000fca00000, 0x00000000fca00000| Untracked 
|  11|0x00000000fcb00000, 0x00000000fcb00000, 0x00000000fcc00000|  0%| F|  |TAMS 0x00000000fcb00000, 0x00000000fcb00000| Untracked 
|  12|0x00000000fcc00000, 0x00000000fcc00000, 0x00000000fcd00000|  0%| F|  |TAMS 0x00000000fcc00000, 0x00000000fcc00000| Untracked 
|  13|0x00000000fcd00000, 0x00000000fcd00000, 0x00000000fce00000|  0%| F|  |TAMS 0x00000000fcd00000, 0x00000000fcd00000| Untracked 
|  14|0x00000000fce00000, 0x00000000fce00000, 0x00000000fcf00000|  0%| F|  |TAMS 0x00000000fce00000, 0x00000000fce00000| Untracked 
|  15|0x00000000fcf00000, 0x00000000fcf00000, 0x00000000fd000000|  0%| F|  |TAMS 0x00000000fcf00000, 0x00000000fcf00000| Untracked 
|  16|0x00000000fd000000, 0x00000000fd000000, 0x00000000fd100000|  0%| F|  |TAMS 0x00000000fd000000, 0x00000000fd000000| Untracked 
|  17|0x00000000fd100000, 0x00000000fd100000, 0x00000000fd200000|  0%| F|  |TAMS 0x00000000fd100000, 0x00000000fd100000| Untracked 
|  18|0x00000000fd200000, 0x00000000fd200000, 0x00000000fd300000|  0%| F|  |TAMS 0x00000000fd200000, 0x00000000fd200000| Untracked 
|  19|0x00000000fd300000, 0x00000000fd300000, 0x00000000fd400000|  0%| F|  |TAMS 0x00000000fd300000, 0x00000000fd300000| Untracked 
|  20|0x00000000fd400000, 0x00000000fd400000, 0x00000000fd500000|  0%| F|  |TAMS 0x00000000fd400000, 0x00000000fd400000| Untracked 
|  21|0x00000000fd500000, 0x00000000fd500000, 0x00000000fd600000|  0%| F|  |TAMS 0x00000000fd500000, 0x00000000fd500000| Untracked 
|  22|0x00000000fd600000, 0x00000000fd600000, 0x00000000fd700000|  0%| F|  |TAMS 0x00000000fd600000, 0x00000000fd600000| Untracked 
|  23|0x00000000fd700000, 0x00000000fd700000, 0x00000000fd800000|  0%| F|  |TAMS 0x00000000fd700000, 0x00000000fd700000| Untracked 
|  24|0x00000000fd800000, 0x00000000fd800000, 0x00000000fd900000|  0%| F|  |TAMS 0x00000000fd800000, 0x00000000fd800000| Untracked 
|  25|0x00000000fd900000, 0x00000000fd900000, 0x00000000fda00000|  0%| F|  |TAMS 0x00000000fd900000, 0x00000000fd900000| Untracked 
|  26|0x00000000fda00000, 0x00000000fda00000, 0x00000000fdb00000|  0%| F|  |TAMS 0x00000000fda00000, 0x00000000fda00000| Untracked 
|  27|0x00000000fdb00000, 0x00000000fdb00000, 0x00000000fdc00000|  0%| F|  |TAMS 0x00000000fdb00000, 0x00000000fdb00000| Untracked 
|  28|0x00000000fdc00000, 0x00000000fdc00000, 0x00000000fdd00000|  0%| F|  |TAMS 0x00000000fdc00000, 0x00000000fdc00000| Untracked 
|  29|0x00000000fdd00000, 0x00000000fdd00000, 0x00000000fde00000|  0%| F|  |TAMS 0x00000000fdd00000, 0x00000000fdd00000| Untracked 
|  30|0x00000000fde00000, 0x00000000fde00000, 0x00000000fdf00000|  0%| F|  |TAMS 0x00000000fde00000, 0x00000000fde00000| Untracked 
|  31|0x00000000fdf00000, 0x00000000fdf00000, 0x00000000fe000000|  0%| F|  |TAMS 0x00000000fdf00000, 0x00000000fdf00000| Untracked 
|  32|0x00000000fe000000, 0x00000000fe000000, 0x00000000fe100000|  0%| F|  |TAMS 0x00000000fe000000, 0x00000000fe000000| Untracked 
|  33|0x00000000fe100000, 0x00000000fe100000, 0x00000000fe200000|  0%| F|  |TAMS 0x00000000fe100000, 0x00000000fe100000| Untracked 
|  34|0x00000000fe200000, 0x00000000fe200000, 0x00000000fe300000|  0%| F|  |TAMS 0x00000000fe200000, 0x00000000fe200000| Untracked 
|  35|0x00000000fe300000, 0x00000000fe300000, 0x00000000fe400000|  0%| F|  |TAMS 0x00000000fe300000, 0x00000000fe300000| Untracked 
|  36|0x00000000fe400000, 0x00000000fe400000, 0x00000000fe500000|  0%| F|  |TAMS 0x00000000fe400000, 0x00000000fe400000| Untracked 
|  37|0x00000000fe500000, 0x00000000fe500000, 0x00000000fe600000|  0%| F|  |TAMS 0x00000000fe500000, 0x00000000fe500000| Untracked 
|  38|0x00000000fe600000, 0x00000000fe700000, 0x00000000fe700000|100%| S|CS|TAMS 0x00000000fe600000, 0x00000000fe600000| Complete 
|  39|0x00000000fe700000, 0x00000000fe800000, 0x00000000fe800000|100%| S|CS|TAMS 0x00000000fe700000, 0x00000000fe700000| Complete 
|  40|0x00000000fe800000, 0x00000000fe900000, 0x00000000fe900000|100%| S|CS|TAMS 0x00000000fe800000, 0x00000000fe800000| Complete 
|  41|0x00000000fe900000, 0x00000000fe900000, 0x00000000fea00000|  0%| F|  |TAMS 0x00000000fe900000, 0x00000000fe900000| Untracked 
|  42|0x00000000fea00000, 0x00000000fea00000, 0x00000000feb00000|  0%| F|  |TAMS 0x00000000fea00000, 0x00000000fea00000| Untracked 
|  43|0x00000000feb00000, 0x00000000feb00000, 0x00000000fec00000|  0%| F|  |TAMS 0x00000000feb00000, 0x00000000feb00000| Untracked 
|  44|0x00000000fec00000, 0x00000000fec00000, 0x00000000fed00000|  0%| F|  |TAMS 0x00000000fec00000, 0x00000000fec00000| Untracked 
|  45|0x00000000fed00000, 0x00000000fed00000, 0x00000000fee00000|  0%| F|  |TAMS 0x00000000fed00000, 0x00000000fed00000| Untracked 
|  46|0x00000000fee00000, 0x00000000fee00000, 0x00000000fef00000|  0%| F|  |TAMS 0x00000000fee00000, 0x00000000fee00000| Untracked 
|  47|0x00000000fef00000, 0x00000000fef00000, 0x00000000ff000000|  0%| F|  |TAMS 0x00000000fef00000, 0x00000000fef00000| Untracked 
|  48|0x00000000ff000000, 0x00000000ff000000, 0x00000000ff100000|  0%| F|  |TAMS 0x00000000ff000000, 0x00000000ff000000| Untracked 
|  49|0x00000000ff100000, 0x00000000ff100000, 0x00000000ff200000|  0%| F|  |TAMS 0x00000000ff100000, 0x00000000ff100000| Untracked 
|  50|0x00000000ff200000, 0x00000000ff200000, 0x00000000ff300000|  0%| F|  |TAMS 0x00000000ff200000, 0x00000000ff200000| Untracked 
|  51|0x00000000ff300000, 0x00000000ff300000, 0x00000000ff400000|  0%| F|  |TAMS 0x00000000ff300000, 0x00000000ff300000| Untracked 
|  52|0x00000000ff400000, 0x00000000ff400000, 0x00000000ff500000|  0%| F|  |TAMS 0x00000000ff400000, 0x00000000ff400000| Untracked 
|  53|0x00000000ff500000, 0x00000000ff500000, 0x00000000ff600000|  0%| F|  |TAMS 0x00000000ff500000, 0x00000000ff500000| Untracked 
|  54|0x00000000ff600000, 0x00000000ff600000, 0x00000000ff700000|  0%| F|  |TAMS 0x00000000ff600000, 0x00000000ff600000| Untracked 
|  55|0x00000000ff700000, 0x00000000ff700000, 0x00000000ff800000|  0%| F|  |TAMS 0x00000000ff700000, 0x00000000ff700000| Untracked 
|  56|0x00000000ff800000, 0x00000000ff800000, 0x00000000ff900000|  0%| F|  |TAMS 0x00000000ff800000, 0x00000000ff800000| Untracked 
|  57|0x00000000ff900000, 0x00000000ffa00000, 0x00000000ffa00000|100%| E|  |TAMS 0x00000000ff900000, 0x00000000ff900000| Complete 
|  58|0x00000000ffa00000, 0x00000000ffb00000, 0x00000000ffb00000|100%| E|CS|TAMS 0x00000000ffa00000, 0x00000000ffa00000| Complete 
|  59|0x00000000ffb00000, 0x00000000ffc00000, 0x00000000ffc00000|100%| E|CS|TAMS 0x00000000ffb00000, 0x00000000ffb00000| Complete 
|  60|0x00000000ffc00000, 0x00000000ffd00000, 0x00000000ffd00000|100%| E|CS|TAMS 0x00000000ffc00000, 0x00000000ffc00000| Complete 
|  61|0x00000000ffd00000, 0x00000000ffe00000, 0x00000000ffe00000|100%| E|CS|TAMS 0x00000000ffd00000, 0x00000000ffd00000| Complete 
|  62|0x00000000ffe00000, 0x00000000fff00000, 0x00000000fff00000|100%| E|  |TAMS 0x00000000ffe00000, 0x00000000ffe00000| Complete 
|  63|0x00000000fff00000, 0x0000000100000000, 0x0000000100000000|100%| E|CS|TAMS 0x00000000fff00000, 0x00000000fff00000| Complete 

Card table byte_map: [0x000002031d3b0000,0x000002031d3d0000] _byte_map_base: 0x000002031cbd0000

Marking Bits (Prev, Next): (CMBitMap*) 0x0000020304400900, (CMBitMap*) 0x0000020304400940
 Prev Bits: [0x000002031d3f0000, 0x000002031d4f0000)
 Next Bits: [0x000002031d4f0000, 0x000002031d5f0000)

Polling page: 0x0000020304210000

Metaspace:

Usage:
  Non-class:      2.57 MB used.
      Class:    318.00 KB used.
       Both:      2.88 MB used.

Virtual space:
  Non-class space:       64.00 MB reserved,       2.69 MB (  4%) committed,  1 nodes.
      Class space:        1.00 GB reserved,     384.00 KB ( <1%) committed,  1 nodes.
             Both:        1.06 GB reserved,       3.06 MB ( <1%) committed. 

Chunk freelists:
   Non-Class:  11.17 MB
       Class:  15.58 MB
        Both:  26.75 MB

MaxMetaspaceSize: unlimited
CompressedClassSpaceSize: 1.00 GB
Initial GC threshold: 21.00 MB
Current GC threshold: 21.00 MB
CDS: on
MetaspaceReclaimPolicy: balanced
 - commit_granule_bytes: 65536.
 - commit_granule_words: 8192.
 - virtual_space_node_default_size: 8388608.
 - enlarge_chunks_in_place: 1.
 - new_chunks_are_fully_committed: 0.
 - uncommit_free_chunks: 1.
 - use_allocation_guard: 0.
 - handle_deallocations: 1.


Internal statistics:

num_allocs_failed_limit: 0.
num_arena_births: 16.
num_arena_deaths: 0.
num_vsnodes_births: 2.
num_vsnodes_deaths: 0.
num_space_committed: 49.
num_space_uncommitted: 0.
num_chunks_returned_to_freelist: 0.
num_chunks_taken_from_freelist: 73.
num_chunk_merges: 0.
num_chunk_splits: 48.
num_chunks_enlarged: 41.
num_inconsistent_stats: 0.

CodeHeap 'non-profiled nmethods': size=120000Kb used=380Kb max_used=380Kb free=119619Kb
 bounds [0x00000203151e0000, 0x0000020315450000, 0x000002031c710000]
CodeHeap 'profiled nmethods': size=120000Kb used=1563Kb max_used=1563Kb free=118436Kb
 bounds [0x000002030d710000, 0x000002030d980000, 0x0000020314c40000]
CodeHeap 'non-nmethods': size=5760Kb used=1124Kb max_used=1153Kb free=4635Kb
 bounds [0x0000020314c40000, 0x0000020314eb0000, 0x00000203151e0000]
 total_blobs=1254 nmethods=849 adapters=318
 compilation: enabled
              stopped_count=0, restarted_count=0
 full_count=0

Compilation events (20 events):
Event: 0.497 Thread 0x0000020320203390  815       3       java.util.zip.ZipFile$ZipFileInflaterInputStream::fill (80 bytes)
Event: 0.497 Thread 0x0000020320203390 nmethod 815 0x000002030d880c90 code [0x000002030d880e60, 0x000002030d8811c8]
Event: 0.497 Thread 0x0000020320203390  816   !   3       java.util.zip.ZipFile$ZipFileInputStream::read (135 bytes)
Event: 0.498 Thread 0x0000020320203390 nmethod 816 0x000002030d881390 code [0x000002030d8815a0, 0x000002030d881c38]
Event: 0.498 Thread 0x0000020320203390  817       3       java.util.zip.ZipFile::ensureOpenOrZipException (19 bytes)
Event: 0.498 Thread 0x0000020320203390 nmethod 817 0x000002030d882010 code [0x000002030d8821c0, 0x000002030d8823e8]
Event: 0.498 Thread 0x0000020320203390  818       3       java.util.zip.ZipFile$ZipFileInputStream::initDataOffset (117 bytes)
Event: 0.498 Thread 0x0000020320203390 nmethod 818 0x000002030d882510 code [0x000002030d882740, 0x000002030d882f68]
Event: 0.498 Thread 0x0000020320203390  819       3       java.util.zip.ZipUtils::LOCNAM (7 bytes)
Event: 0.499 Thread 0x0000020320203390 nmethod 819 0x000002030d883290 code [0x000002030d883420, 0x000002030d8835d8]
Event: 0.499 Thread 0x0000020320203390  820       3       java.util.zip.ZipUtils::LOCEXT (7 bytes)
Event: 0.499 Thread 0x0000020320203390 nmethod 820 0x000002030d883710 code [0x000002030d8838a0, 0x000002030d883a58]
Event: 0.499 Thread 0x0000020320203390  821   !   3       java.util.zip.ZipFile$Source::readAt (39 bytes)
Event: 0.499 Thread 0x0000020320203390 nmethod 821 0x000002030d883b90 code [0x000002030d883d80, 0x000002030d884208]
Event: 0.499 Thread 0x0000020320203390  822       3       java.lang.String::indexOf (18 bytes)
Event: 0.500 Thread 0x0000020320203390 nmethod 822 0x000002030d884590 code [0x000002030d884760, 0x000002030d884a28]
Event: 0.500 Thread 0x0000020320203390  823       3       java.lang.String::indexOf (113 bytes)
Event: 0.500 Thread 0x0000020320203390 nmethod 823 0x000002030d884b90 code [0x000002030d884dc0, 0x000002030d8853a8]
Event: 0.501 Thread 0x0000020320203390  824       3       java.lang.Module::isNamed (13 bytes)
Event: 0.501 Thread 0x0000020320203390 nmethod 824 0x000002030d885590 code [0x000002030d885720, 0x000002030d885878]

GC Heap History (2 events):
Event: 0.380 GC heap before
{Heap before GC invocations=0 (full 0):
 garbage-first heap   total 65536K, used 22528K [0x00000000fc000000, 0x0000000100000000)
  region size 1024K, 23 young (23552K), 0 survivors (0K)
 Metaspace       used 1836K, committed 1920K, reserved 1114112K
  class space    used 160K, committed 192K, reserved 1048576K
}
Event: 0.385 GC heap after
{Heap after GC invocations=1 (full 0):
 garbage-first heap   total 65536K, used 4936K [0x00000000fc000000, 0x0000000100000000)
  region size 1024K, 3 young (3072K), 3 survivors (3072K)
 Metaspace       used 1836K, committed 1920K, reserved 1114112K
  class space    used 160K, committed 192K, reserved 1048576K
}

Dll operation events (7 events):
Event: 0.007 Loaded shared library C:\Program Files\Eclipse Adoptium\jdk-17.0.15.6-hotspot\bin\java.dll
Event: 0.021 Loaded shared library C:\Program Files\Eclipse Adoptium\jdk-17.0.15.6-hotspot\bin\jsvml.dll
Event: 0.043 Loaded shared library C:\Program Files\Eclipse Adoptium\jdk-17.0.15.6-hotspot\bin\net.dll
Event: 0.061 Loaded shared library C:\Program Files\Eclipse Adoptium\jdk-17.0.15.6-hotspot\bin\nio.dll
Event: 0.063 Loaded shared library C:\Program Files\Eclipse Adoptium\jdk-17.0.15.6-hotspot\bin\zip.dll
Event: 0.065 Loaded shared library C:\Program Files\Eclipse Adoptium\jdk-17.0.15.6-hotspot\bin\verify.dll
Event: 0.305 Loaded shared library C:\Program Files\Eclipse Adoptium\jdk-17.0.15.6-hotspot\bin\jimage.dll

Deoptimization events (20 events):
Event: 0.406 Thread 0x00000203043dfa60 Uncommon trap: trap_request=0xffffff45 fr.pc=0x0000020315222cec relative=0x00000000000009ac
Event: 0.406 Thread 0x00000203043dfa60 Uncommon trap: reason=unstable_if action=reinterpret pc=0x0000020315222cec method=java.util.zip.ZipCoder$UTF8ZipCoder.checkedHash([BII)I @ 27 c2
Event: 0.406 Thread 0x00000203043dfa60 DEOPT PACKING pc=0x0000020315222cec sp=0x000000298bcfbf10
Event: 0.406 Thread 0x00000203043dfa60 DEOPT UNPACKING pc=0x0000020314c969a3 sp=0x000000298bcfbe58 mode 2
Event: 0.406 Thread 0x00000203043dfa60 Uncommon trap: trap_request=0xffffff45 fr.pc=0x0000020315224cb4 relative=0x00000000000001b4
Event: 0.406 Thread 0x00000203043dfa60 Uncommon trap: reason=unstable_if action=reinterpret pc=0x0000020315224cb4 method=java.lang.StringCoding.hasNegatives([BII)Z @ 12 c2
Event: 0.406 Thread 0x00000203043dfa60 DEOPT PACKING pc=0x0000020315224cb4 sp=0x000000298bcfbd00
Event: 0.406 Thread 0x00000203043dfa60 DEOPT UNPACKING pc=0x0000020314c969a3 sp=0x000000298bcfbc90 mode 2
Event: 0.406 Thread 0x00000203043dfa60 Uncommon trap: trap_request=0xffffff45 fr.pc=0x00000203151eb750 relative=0x00000000000001d0
Event: 0.406 Thread 0x00000203043dfa60 Uncommon trap: reason=unstable_if action=reinterpret pc=0x00000203151eb750 method=java.lang.String.hashCode()I @ 20 c2
Event: 0.406 Thread 0x00000203043dfa60 DEOPT PACKING pc=0x00000203151eb750 sp=0x000000298bcfbd90
Event: 0.406 Thread 0x00000203043dfa60 DEOPT UNPACKING pc=0x0000020314c969a3 sp=0x000000298bcfbd20 mode 2
Event: 0.427 Thread 0x00000203043dfa60 DEOPT PACKING pc=0x000002030d8390ca sp=0x000000298bcf7710
Event: 0.427 Thread 0x00000203043dfa60 DEOPT UNPACKING pc=0x0000020314c97143 sp=0x000000298bcf6b98 mode 0
Event: 0.480 Thread 0x00000203043dfa60 Uncommon trap: trap_request=0xffffff45 fr.pc=0x0000020315214b5c relative=0x000000000000005c
Event: 0.480 Thread 0x00000203043dfa60 Uncommon trap: reason=unstable_if action=reinterpret pc=0x0000020315214b5c method=java.util.LinkedHashMap.afterNodeInsertion(Z)V @ 1 c2
Event: 0.480 Thread 0x00000203043dfa60 DEOPT PACKING pc=0x0000020315214b5c sp=0x000000298bcfd390
Event: 0.480 Thread 0x00000203043dfa60 DEOPT UNPACKING pc=0x0000020314c969a3 sp=0x000000298bcfd310 mode 2
Event: 0.489 Thread 0x00000203043dfa60 DEOPT PACKING pc=0x000002030d8390ca sp=0x000000298bcfc600
Event: 0.489 Thread 0x00000203043dfa60 DEOPT UNPACKING pc=0x0000020314c97143 sp=0x000000298bcfba88 mode 0

Classes loaded (20 events):
Event: 0.478 Loading class sun/reflect/annotation/AnnotationTypeMismatchExceptionProxy
Event: 0.478 Loading class sun/reflect/annotation/AnnotationTypeMismatchExceptionProxy done
Event: 0.478 Loading class sun/reflect/annotation/AnnotationParser$1
Event: 0.478 Loading class sun/reflect/annotation/AnnotationParser$1 done
Event: 0.478 Loading class sun/reflect/annotation/AnnotationInvocationHandler
Event: 0.478 Loading class sun/reflect/annotation/AnnotationInvocationHandler done
Event: 0.480 Loading class java/lang/annotation/Target
Event: 0.480 Loading class java/lang/annotation/Target done
Event: 0.482 Loading class java/lang/reflect/InvocationTargetException
Event: 0.482 Loading class java/lang/reflect/InvocationTargetException done
Event: 0.487 Loading class java/util/concurrent/ConcurrentLinkedQueue
Event: 0.487 Loading class java/util/AbstractQueue
Event: 0.487 Loading class java/util/AbstractQueue done
Event: 0.487 Loading class java/util/concurrent/ConcurrentLinkedQueue done
Event: 0.487 Loading class java/util/concurrent/ConcurrentLinkedQueue$Node
Event: 0.488 Loading class java/util/concurrent/ConcurrentLinkedQueue$Node done
Event: 0.490 Loading class java/util/NoSuchElementException
Event: 0.490 Loading class java/util/NoSuchElementException done
Event: 0.492 Loading class java/lang/reflect/ParameterizedType
Event: 0.492 Loading class java/lang/reflect/ParameterizedType done

Classes unloaded (0 events):
No events

Classes redefined (0 events):
No events

Internal exceptions (1 events):
Event: 0.127 Thread 0x00000203043dfa60 Exception <a 'java/lang/NoSuchMethodError'{0x00000000ffdeb2a8}: 'int java.lang.invoke.DirectMethodHandle$Holder.invokeStaticInit(java.lang.Object, java.lang.Object)'> (0x00000000ffdeb2a8) 
thrown [s\src\hotspot\share\interpreter\linkResolver.cpp, line 759]

VM Operations (4 events):
Event: 0.063 Executing VM operation: HandshakeAllThreads
Event: 0.063 Executing VM operation: HandshakeAllThreads done
Event: 0.380 Executing VM operation: G1CollectForAllocation
Event: 0.385 Executing VM operation: G1CollectForAllocation done

Memory protections (0 events):
No events

Nmethod flushes (0 events):
No events

Events (14 events):
Event: 0.021 Thread 0x00000203043dfa60 Thread added: 0x00000203043dfa60
Event: 0.023 Thread 0x00000203043dfa60 Thread added: 0x00000203201e15a0
Event: 0.023 Thread 0x00000203043dfa60 Thread added: 0x00000203201e2330
Event: 0.029 Thread 0x00000203043dfa60 Thread added: 0x00000203201fc680
Event: 0.029 Thread 0x00000203043dfa60 Thread added: 0x00000203201fef60
Event: 0.029 Thread 0x00000203043dfa60 Thread added: 0x00000203201ff830
Event: 0.029 Thread 0x00000203043dfa60 Thread added: 0x0000020320201510
Event: 0.029 Thread 0x00000203043dfa60 Thread added: 0x00000203202029d0
Event: 0.030 Thread 0x00000203043dfa60 Thread added: 0x0000020320203390
Event: 0.030 Thread 0x00000203043dfa60 Thread added: 0x000002032020dcc0
Event: 0.039 Thread 0x00000203043dfa60 Thread added: 0x00000203204a85d0
Event: 0.041 Thread 0x00000203043dfa60 Thread added: 0x00000203204abd30
Event: 0.190 Thread 0x0000020320203390 Thread added: 0x0000020320637790
Event: 0.306 Thread 0x0000020320203390 Thread added: 0x0000020366147450


Dynamic libraries:
0x00007ff7124a0000 - 0x00007ff7124ae000 	C:\Program Files\Eclipse Adoptium\jdk-17.0.15.6-hotspot\bin\java.exe
0x00007ffa3a310000 - 0x00007ffa3a504000 	C:\Windows\SYSTEM32\ntdll.dll
0x00007ffa39670000 - 0x00007ffa3972d000 	C:\Windows\System32\KERNEL32.DLL
0x00007ffa37bc0000 - 0x00007ffa37e87000 	C:\Windows\System32\KERNELBASE.dll
0x00007ffa38080000 - 0x00007ffa38180000 	C:\Windows\System32\ucrtbase.dll
0x00007ffa1f590000 - 0x00007ffa1f5a7000 	C:\Program Files\Eclipse Adoptium\jdk-17.0.15.6-hotspot\bin\jli.dll
0x00007ffa1f420000 - 0x00007ffa1f43e000 	C:\Program Files\Eclipse Adoptium\jdk-17.0.15.6-hotspot\bin\VCRUNTIME140.dll
0x00007ffa38fb0000 - 0x00007ffa39150000 	C:\Windows\System32\USER32.dll
0x00007ffa37b40000 - 0x00007ffa37b62000 	C:\Windows\System32\win32u.dll
0x00007ffa280e0000 - 0x00007ffa2837a000 	C:\Windows\WinSxS\amd64_microsoft.windows.common-controls_6595b64144ccf1df_6.0.19041.1_none_b555e41d4684ddec\COMCTL32.dll
0x00007ffa39e10000 - 0x00007ffa39e3a000 	C:\Windows\System32\GDI32.dll
0x00007ffa37ef0000 - 0x00007ffa37ffa000 	C:\Windows\System32\gdi32full.dll
0x00007ffa387d0000 - 0x00007ffa3886e000 	C:\Windows\System32\msvcrt.dll
0x00007ffa38180000 - 0x00007ffa3821d000 	C:\Windows\System32\msvcp_win.dll
0x00007ffa39150000 - 0x00007ffa39180000 	C:\Windows\System32\IMM32.DLL
0x00007ffa33590000 - 0x00007ffa3359c000 	C:\Program Files\Eclipse Adoptium\jdk-17.0.15.6-hotspot\bin\vcruntime140_1.dll
0x00007ffa04d10000 - 0x00007ffa04d9d000 	C:\Program Files\Eclipse Adoptium\jdk-17.0.15.6-hotspot\bin\msvcp140.dll
0x00007ff9660d0000 - 0x00007ff966d3b000 	C:\Program Files\Eclipse Adoptium\jdk-17.0.15.6-hotspot\bin\server\jvm.dll
0x00007ffa39cd0000 - 0x00007ffa39d7a000 	C:\Windows\System32\ADVAPI32.dll
0x00007ffa39f70000 - 0x00007ffa3a00b000 	C:\Windows\System32\sechost.dll
0x00007ffa39ba0000 - 0x00007ffa39cc3000 	C:\Windows\System32\RPCRT4.dll
0x00007ffa3a260000 - 0x00007ffa3a2cb000 	C:\Windows\System32\WS2_32.dll
0x00007ffa378d0000 - 0x00007ffa3791b000 	C:\Windows\SYSTEM32\POWRPROF.dll
0x00007ffa26ff0000 - 0x00007ffa27017000 	C:\Windows\SYSTEM32\WINMM.dll
0x00007ffa31cc0000 - 0x00007ffa31cca000 	C:\Windows\SYSTEM32\VERSION.dll
0x00007ffa378b0000 - 0x00007ffa378c2000 	C:\Windows\SYSTEM32\UMPDC.dll
0x00007ffa35a10000 - 0x00007ffa35a23000 	C:\Windows\SYSTEM32\kernel.appcore.dll
0x00007ffa2e830000 - 0x00007ffa2e83a000 	C:\Program Files\Eclipse Adoptium\jdk-17.0.15.6-hotspot\bin\jimage.dll
0x00007ffa26e00000 - 0x00007ffa26fe4000 	C:\Windows\SYSTEM32\DBGHELP.DLL
0x00007ffa24740000 - 0x00007ffa2476c000 	C:\Windows\SYSTEM32\dbgcore.DLL
0x00007ffa38000000 - 0x00007ffa3807f000 	C:\Windows\System32\bcryptPrimitives.dll
0x00007ffa1b090000 - 0x00007ffa1b0b5000 	C:\Program Files\Eclipse Adoptium\jdk-17.0.15.6-hotspot\bin\java.dll
0x00007ffa04570000 - 0x00007ffa04647000 	C:\Program Files\Eclipse Adoptium\jdk-17.0.15.6-hotspot\bin\jsvml.dll
0x00007ffa38870000 - 0x00007ffa38fa4000 	C:\Windows\System32\SHELL32.dll
0x00007ffa35c10000 - 0x00007ffa3639e000 	C:\Windows\SYSTEM32\windows.storage.dll
0x00007ffa39180000 - 0x00007ffa394d3000 	C:\Windows\System32\combase.dll
0x00007ffa37410000 - 0x00007ffa3743b000 	C:\Windows\SYSTEM32\Wldp.dll
0x00007ffa38540000 - 0x00007ffa385ee000 	C:\Windows\System32\SHCORE.dll
0x00007ffa39610000 - 0x00007ffa39665000 	C:\Windows\System32\shlwapi.dll
0x00007ffa379a0000 - 0x00007ffa379bf000 	C:\Windows\SYSTEM32\profapi.dll
0x00007ffa1b310000 - 0x00007ffa1b329000 	C:\Program Files\Eclipse Adoptium\jdk-17.0.15.6-hotspot\bin\net.dll
0x00007ffa308d0000 - 0x00007ffa309d0000 	C:\Windows\SYSTEM32\WINHTTP.dll
0x0000000180000000 - 0x000000018008c000 	C:\Windows\system32\ASProxy64.dll
0x00007ffa39e40000 - 0x00007ffa39f69000 	C:\Windows\System32\ole32.dll
0x00007ffa3a190000 - 0x00007ffa3a25d000 	C:\Windows\System32\OLEAUT32.dll
0x00007ffa37190000 - 0x00007ffa371fa000 	C:\Windows\SYSTEM32\MSWSOCK.dll
0x00007ffa36e80000 - 0x00007ffa36ebb000 	C:\Windows\SYSTEM32\IPHLPAPI.DLL
0x00007ffa37920000 - 0x00007ffa37951000 	C:\Windows\SYSTEM32\SspiCli.dll
0x00007ffa35550000 - 0x00007ffa355ef000 	C:\Windows\system32\uxtheme.dll
0x00007ffa3a010000 - 0x00007ffa3a0b8000 	C:\Windows\System32\clbcatq.dll
0x00007ffa377a0000 - 0x00007ffa37842000 	C:\Windows\SYSTEM32\sxs.dll
0x00007ffa17140000 - 0x00007ffa17156000 	C:\Program Files\Eclipse Adoptium\jdk-17.0.15.6-hotspot\bin\nio.dll
0x00007ffa0d6f0000 - 0x00007ffa0d708000 	C:\Program Files\Eclipse Adoptium\jdk-17.0.15.6-hotspot\bin\zip.dll
0x00007ffa25890000 - 0x00007ffa258a0000 	C:\Program Files\Eclipse Adoptium\jdk-17.0.15.6-hotspot\bin\verify.dll

dbghelp: loaded successfully - version: 4.0.5 - missing functions: none
symbol engine: initialized successfully - sym options: 0x614 - pdb path: .;C:\Program Files\Eclipse Adoptium\jdk-17.0.15.6-hotspot\bin;C:\Windows\SYSTEM32;C:\Windows\WinSxS\amd64_microsoft.windows.common-controls_6595b64144ccf1df_6.0.19041.1_none_b555e41d4684ddec;C:\Program Files\Eclipse Adoptium\jdk-17.0.15.6-hotspot\bin\server

VM Arguments:
jvm_args: -Xmx64m -Xms64m -Dorg.gradle.dependency.verification=off -Dorg.gradle.configuration-cache=false -Dorg.gradle.appname=gradlew 
java_command: org.gradle.wrapper.GradleWrapperMain --stop
java_class_path (initial): C:\App\BookingAppNative\android\\gradle\wrapper\gradle-wrapper.jar
Launcher Type: SUN_STANDARD

[Global flags]
     intx CICompilerCount                          = 4                                         {product} {ergonomic}
     uint ConcGCThreads                            = 3                                         {product} {ergonomic}
     uint G1ConcRefinementThreads                  = 10                                        {product} {ergonomic}
   size_t G1HeapRegionSize                         = 1048576                                   {product} {ergonomic}
    uintx GCDrainStackTargetSize                   = 64                                        {product} {ergonomic}
   size_t InitialHeapSize                          = 67108864                                  {product} {command line}
   size_t MarkStackSize                            = 4194304                                   {product} {ergonomic}
   size_t MaxHeapSize                              = 67108864                                  {product} {command line}
   size_t MaxNewSize                               = 39845888                                  {product} {ergonomic}
   size_t MinHeapDeltaBytes                        = 1048576                                   {product} {ergonomic}
   size_t MinHeapSize                              = 67108864                                  {product} {command line}
    uintx NonNMethodCodeHeapSize                   = 5839372                                {pd product} {ergonomic}
    uintx NonProfiledCodeHeapSize                  = 122909434                              {pd product} {ergonomic}
    uintx ProfiledCodeHeapSize                     = 122909434                              {pd product} {ergonomic}
    uintx ReservedCodeCacheSize                    = 251658240                              {pd product} {ergonomic}
     bool SegmentedCodeCache                       = true                                      {product} {ergonomic}
   size_t SoftMaxHeapSize                          = 67108864                               {manageable} {ergonomic}
     bool UseCompressedClassPointers               = true                           {product lp64_product} {ergonomic}
     bool UseCompressedOops                        = true                           {product lp64_product} {ergonomic}
     bool UseG1GC                                  = true                                      {product} {ergonomic}
     bool UseLargePagesIndividualAllocation        = false                                  {pd product} {ergonomic}

Logging:
Log output configuration:
 #0: stdout all=warning uptime,level,tags
 #1: stderr all=off uptime,level,tags

Environment Variables:
JAVA_HOME=C:\Program Files\Eclipse Adoptium\jdk-17.0.15.6-hotspot
CLASSPATH=C:\App\BookingAppNative\android\\gradle\wrapper\gradle-wrapper.jar
PATH=C:\Program Files (x86)\VMware\VMware Workstation\bin\;C:\Program Files\Eclipse Adoptium\jdk-17.0.15.6-hotspot\bin;C:\Windows\system32;C:\Windows;C:\Windows\System32\Wbem;C:\Windows\System32\WindowsPowerShell\v1.0\;C:\Windows\System32\OpenSSH\;C:\Users\d\AppData\Local\nvm;C:\nvm4w\nodejs;C:\Users\d\AppData\Local\Android\Sdk\platform-tools;C:\Program Files\PostgreSQL\17\bin;c:\Users\d\AppData\Local\Programs\cursor\resources\app\bin;C:\Program Files\Git\cmd;C:\Program Files\dotnet\;C:\Program Files\PuTTY\;C:\Users\d\AppData\Local\Programs\Python\Python313\Scripts\;C:\Users\d\AppData\Local\Programs\Python\Python313\;C:\Program Files\nodejs\;C:\Users\d\AppData\Local\Programs\Python\Python313\Scripts\;C:\Users\d\AppData\Local\Programs\Python\Python313\;C:\Users\d\AppData\Local\Android\Sdk\tools;C:\Users\d\AppData\Local\Microsoft\WindowsApps;C:\Users\d\AppData\Local\Programs\Microsoft VS Code\bin;C:\Users\d\AppData\Local\nvm;C:\nvm4w\nodejs;C:\Users\d\AppData\Local\Android\Sdk\emulator;C:\Users\d\AppData\Local\Android\Sdk\platform-tools;C:\Users\d\AppData\Local\Android\Sdk\tools;C:\Users\d\AppData\Local\Android\Sdk\tools\bin;C:\Users\d\AppData\Local\Programs\cursor\resources\app\bin;C:\Users\d\AppData\Roaming\npm
USERNAME=d
TERM=dumb
OS=Windows_NT
PROCESSOR_IDENTIFIER=Intel64 Family 6 Model 158 Stepping 10, GenuineIntel
TMP=C:\Users\d\AppData\Local\Temp
TEMP=C:\Users\d\AppData\Local\Temp



Periodic native trim disabled


---------------  S Y S T E M  ---------------

OS:
 Windows 10 , 64 bit Build 19041 (10.0.19041.292)
OS uptime: 4 days 7:14 hours

CPU: total 12 (initial active 12) (6 cores per cpu, 2 threads per core) family 6 model 158 stepping 10 microcode 0xb4, cx8, cmov, fxsr, ht, mmx, 3dnowpref, sse, sse2, sse3, ssse3, sse4.1, sse4.2, popcnt, lzcnt, tsc, tscinvbit, avx, avx2, aes, erms, clmul, bmi1, bmi2, rtm, adx, fma, vzeroupper, clflush, clflushopt
Processor Information for all 12 processors :
  Max Mhz: 3192, Current Mhz: 3192, Mhz Limit: 3192

Memory: 4k page, system-wide physical 32591M (2219M free)
TotalPageFile size 63062M (AvailPageFile size 5M)
current process WorkingSet (physical memory assigned to process): 95M, peak: 95M
current process commit charge ("private bytes"): 176M, peak: 176M

vm_info: OpenJDK 64-Bit Server VM (17.0.15+6) for windows-amd64 JRE (17.0.15+6), built on Apr 15 2025 21:25:47 by "admin" with MS VC++ 17.7 (VS2022)

END.
