#
# There is insufficient memory for the Java Runtime Environment to continue.
# Native memory allocation (malloc) failed to allocate 279856 bytes. Error detail: Chunk::new
# Possible reasons:
#   The system is out of physical RAM or swap space
#   This process is running with CompressedOops enabled, and the Java Heap may be blocking the growth of the native heap
# Possible solutions:
#   Reduce memory load on the system
#   Increase physical memory or swap space
#   Check if swap backing store is full
#   Decrease Java heap size (-Xmx/-Xms)
#   Decrease number of Java threads
#   Decrease Java thread stack sizes (-Xss)
#   Set larger code cache with -XX:ReservedCodeCacheSize=
#   JVM is running with Unscaled Compressed Oops mode in which the Java heap is
#     placed in the first 4GB address space. The Java Heap base address is the
#     maximum limit for the native heap growth. Please use -XX:HeapBaseMinAddress
#     to set the Java Heap base and to place the Java Heap above 4GB virtual address.
# This output file may be truncated or incomplete.
#
#  Out of Memory Error (arena.cpp:191), pid=48316, tid=60260
#
# JRE version: OpenJDK Runtime Environment Temurin-17.0.15+6 (17.0.15+6) (build 17.0.15+6)
# Java VM: OpenJDK 64-Bit Server VM Temurin-17.0.15+6 (17.0.15+6, mixed mode, sharing, tiered, compressed oops, compressed class ptrs, g1 gc, windows-amd64)
# No core dump will be written. Minidumps are not enabled by default on client versions of Windows
#

---------------  S U M M A R Y ------------

Command Line: -Xmx64m -Xms64m -Dorg.gradle.appname=gradlew org.gradle.wrapper.GradleWrapperMain --stop

Host: Intel(R) Core(TM) i7-8700 CPU @ 3.20GHz, 12 cores, 31G,  Windows 10 , 64 bit Build 19041 (10.0.19041.292)
Time: Sat Nov  8 22:31:05 2025 Pacific Standard Time elapsed time: 1.137698 seconds (0d 0h 0m 1s)

---------------  T H R E A D  ---------------

Current thread (0x00000210743f4e30):  JavaThread "C2 CompilerThread0" daemon [_thread_in_native, id=60260, stack(0x000000f829400000,0x000000f829500000)]


Current CompileTask:
C2:   1137  925   !   4       jdk.internal.loader.URLClassPath$JarLoader::getResource (354 bytes)

Stack: [0x000000f829400000,0x000000f829500000]
Native frames: (J=compiled Java code, j=interpreted, Vv=VM code, C=native code)
V  [jvm.dll+0x682fc9]
V  [jvm.dll+0x839878]
V  [jvm.dll+0x83b323]
V  [jvm.dll+0x83b993]
V  [jvm.dll+0x24725f]
V  [jvm.dll+0xacea4]
V  [jvm.dll+0xad53c]
V  [jvm.dll+0x2aca8f]
V  [jvm.dll+0x589079]
V  [jvm.dll+0x2210b2]
V  [jvm.dll+0x219b2b]
V  [jvm.dll+0x21758b]
V  [jvm.dll+0x1a31b0]
V  [jvm.dll+0x227a9c]
V  [jvm.dll+0x225bfb]
V  [jvm.dll+0x7ef018]
V  [jvm.dll+0x7e94dc]
V  [jvm.dll+0x681ea7]
C  [ucrtbase.dll+0x21542]
C  [KERNEL32.DLL+0x16fd4]
C  [ntdll.dll+0x4cec1]


---------------  P R O C E S S  ---------------

Threads class SMR info:
_java_thread_list=0x000002107474c580, length=13, elements={
0x000002105a57b990, 0x000002105a62ace0, 0x000002105a62bb60, 0x00000210743ee1c0,
0x00000210743efca0, 0x00000210743f2770, 0x00000210743f3130, 0x00000210743f4e30,
0x00000210743f73b0, 0x00000210743f9cd0, 0x0000021074634730, 0x000002107463a6d0,
0x00000210747a9600
}

Java Threads: ( => current thread )
  0x000002105a57b990 JavaThread "main" [_thread_in_native, id=44120, stack(0x000000f828700000,0x000000f828800000)]
  0x000002105a62ace0 JavaThread "Reference Handler" daemon [_thread_blocked, id=53040, stack(0x000000f828e00000,0x000000f828f00000)]
  0x000002105a62bb60 JavaThread "Finalizer" daemon [_thread_blocked, id=49796, stack(0x000000f828f00000,0x000000f829000000)]
  0x00000210743ee1c0 JavaThread "Signal Dispatcher" daemon [_thread_blocked, id=11672, stack(0x000000f829000000,0x000000f829100000)]
  0x00000210743efca0 JavaThread "Attach Listener" daemon [_thread_blocked, id=24568, stack(0x000000f829100000,0x000000f829200000)]
  0x00000210743f2770 JavaThread "Service Thread" daemon [_thread_blocked, id=60004, stack(0x000000f829200000,0x000000f829300000)]
  0x00000210743f3130 JavaThread "Monitor Deflation Thread" daemon [_thread_blocked, id=11900, stack(0x000000f829300000,0x000000f829400000)]
=>0x00000210743f4e30 JavaThread "C2 CompilerThread0" daemon [_thread_in_native, id=60260, stack(0x000000f829400000,0x000000f829500000)]
  0x00000210743f73b0 JavaThread "C1 CompilerThread0" daemon [_thread_blocked, id=35960, stack(0x000000f829500000,0x000000f829600000)]
  0x00000210743f9cd0 JavaThread "Sweeper thread" daemon [_thread_blocked, id=35408, stack(0x000000f829600000,0x000000f829700000)]
  0x0000021074634730 JavaThread "Notification Thread" daemon [_thread_blocked, id=50812, stack(0x000000f829700000,0x000000f829800000)]
  0x000002107463a6d0 JavaThread "Common-Cleaner" daemon [_thread_blocked, id=16360, stack(0x000000f829900000,0x000000f829a00000)]
  0x00000210747a9600 JavaThread "C2 CompilerThread1" daemon [_thread_in_native, id=63784, stack(0x000000f82a600000,0x000000f82a700000)]

Other Threads:
  0x000002105a6255e0 VMThread "VM Thread" [stack: 0x000000f828d00000,0x000000f828e00000] [id=17696]
  0x0000021074636c20 WatcherThread [stack: 0x000000f829800000,0x000000f829900000] [id=28572]
  0x000002105a59d370 GCTaskThread "GC Thread#0" [stack: 0x000000f828800000,0x000000f828900000] [id=59964]
  0x0000021074844890 GCTaskThread "GC Thread#1" [stack: 0x000000f82a700000,0x000000f82a800000] [id=50736]
  0x0000021079561020 GCTaskThread "GC Thread#2" [stack: 0x000000f82ac00000,0x000000f82ad00000] [id=52040]
  0x00000210795aac00 GCTaskThread "GC Thread#3" [stack: 0x000000f82ad00000,0x000000f82ae00000] [id=59128]
  0x000002105a59eac0 ConcurrentGCThread "G1 Main Marker" [stack: 0x000000f828900000,0x000000f828a00000] [id=57876]
  0x000002105a59f4e0 ConcurrentGCThread "G1 Conc#0" [stack: 0x000000f828a00000,0x000000f828b00000] [id=49520]
  0x000002105a6080f0 ConcurrentGCThread "G1 Refine#0" [stack: 0x000000f828b00000,0x000000f828c00000] [id=48664]
  0x000002105a608b20 ConcurrentGCThread "G1 Service" [stack: 0x000000f828c00000,0x000000f828d00000] [id=52064]

Threads with active compile tasks:
C2 CompilerThread0     1170  925   !   4       jdk.internal.loader.URLClassPath$JarLoader::getResource (354 bytes)
C2 CompilerThread1     1170  936   !   4       jdk.internal.loader.URLClassPath$JarLoader::getResource (65 bytes)

VM state: not at safepoint (normal execution)

VM Mutex/Monitor currently owned by a thread:  ([mutex/lock_event])
[0x000002105a5790a0] MultiArray_lock - owner thread: 0x0000000000000000

Heap address: 0x00000000fc000000, size: 64 MB, Compressed Oops mode: 32-bit

CDS archive(s) mapped at: [0x0000021000000000-0x0000021000bb0000-0x0000021000bb0000), size 12255232, SharedBaseAddress: 0x0000021000000000, ArchiveRelocationMode: 1.
Compressed class space mapped at: 0x0000021001000000-0x0000021041000000, reserved size: 1073741824
Narrow klass base: 0x0000021000000000, Narrow klass shift: 0, Narrow klass range: 0x100000000

GC Precious Log:
 CPUs: 12 total, 12 available
 Memory: 32591M
 Large Page Support: Disabled
 NUMA Support: Disabled
 Compressed Oops: Enabled (32-bit)
 Heap Region Size: 1M
 Heap Min Capacity: 64M
 Heap Initial Capacity: 64M
 Heap Max Capacity: 64M
 Pre-touch: Disabled
 Parallel Workers: 10
 Concurrent Workers: 3
 Concurrent Refinement Workers: 10
 Periodic GC: Disabled

Heap:
 garbage-first heap   total 65536K, used 18256K [0x00000000fc000000, 0x0000000100000000)
  region size 1024K, 14 young (14336K), 3 survivors (3072K)
 Metaspace       used 3945K, committed 4096K, reserved 1114112K
  class space    used 487K, committed 512K, reserved 1048576K

Heap Regions: E=young(eden), S=young(survivor), O=old, HS=humongous(starts), HC=humongous(continues), CS=collection set, F=free, OA=open archive, CA=closed archive, TAMS=top-at-mark-start (previous, next)
|   0|0x00000000fc000000, 0x00000000fc100000, 0x00000000fc100000|100%| O|  |TAMS 0x00000000fc000000, 0x00000000fc000000| Untracked 
|   1|0x00000000fc100000, 0x00000000fc1d4200, 0x00000000fc200000| 82%| O|  |TAMS 0x00000000fc100000, 0x00000000fc100000| Untracked 
|   2|0x00000000fc200000, 0x00000000fc300000, 0x00000000fc300000|100%|HS|  |TAMS 0x00000000fc200000, 0x00000000fc200000| Complete 
|   3|0x00000000fc300000, 0x00000000fc400000, 0x00000000fc400000|100%|HC|  |TAMS 0x00000000fc300000, 0x00000000fc300000| Complete 
|   4|0x00000000fc400000, 0x00000000fc500000, 0x00000000fc500000|100%|HC|  |TAMS 0x00000000fc400000, 0x00000000fc400000| Complete 
|   5|0x00000000fc500000, 0x00000000fc600000, 0x00000000fc600000|100%|HC|  |TAMS 0x00000000fc500000, 0x00000000fc500000| Complete 
|   6|0x00000000fc600000, 0x00000000fc600000, 0x00000000fc700000|  0%| F|  |TAMS 0x00000000fc600000, 0x00000000fc600000| Untracked 
|   7|0x00000000fc700000, 0x00000000fc700000, 0x00000000fc800000|  0%| F|  |TAMS 0x00000000fc700000, 0x00000000fc700000| Untracked 
|   8|0x00000000fc800000, 0x00000000fc800000, 0x00000000fc900000|  0%| F|  |TAMS 0x00000000fc800000, 0x00000000fc800000| Untracked 
|   9|0x00000000fc900000, 0x00000000fc900000, 0x00000000fca00000|  0%| F|  |TAMS 0x00000000fc900000, 0x00000000fc900000| Untracked 
|  10|0x00000000fca00000, 0x00000000fca00000, 0x00000000fcb00000|  0%| F|  |TAMS 0x00000000fca00000, 0x00000000fca00000| Untracked 
|  11|0x00000000fcb00000, 0x00000000fcb00000, 0x00000000fcc00000|  0%| F|  |TAMS 0x00000000fcb00000, 0x00000000fcb00000| Untracked 
|  12|0x00000000fcc00000, 0x00000000fcc00000, 0x00000000fcd00000|  0%| F|  |TAMS 0x00000000fcc00000, 0x00000000fcc00000| Untracked 
|  13|0x00000000fcd00000, 0x00000000fcd00000, 0x00000000fce00000|  0%| F|  |TAMS 0x00000000fcd00000, 0x00000000fcd00000| Untracked 
|  14|0x00000000fce00000, 0x00000000fce00000, 0x00000000fcf00000|  0%| F|  |TAMS 0x00000000fce00000, 0x00000000fce00000| Untracked 
|  15|0x00000000fcf00000, 0x00000000fcf00000, 0x00000000fd000000|  0%| F|  |TAMS 0x00000000fcf00000, 0x00000000fcf00000| Untracked 
|  16|0x00000000fd000000, 0x00000000fd000000, 0x00000000fd100000|  0%| F|  |TAMS 0x00000000fd000000, 0x00000000fd000000| Untracked 
|  17|0x00000000fd100000, 0x00000000fd100000, 0x00000000fd200000|  0%| F|  |TAMS 0x00000000fd100000, 0x00000000fd100000| Untracked 
|  18|0x00000000fd200000, 0x00000000fd200000, 0x00000000fd300000|  0%| F|  |TAMS 0x00000000fd200000, 0x00000000fd200000| Untracked 
|  19|0x00000000fd300000, 0x00000000fd300000, 0x00000000fd400000|  0%| F|  |TAMS 0x00000000fd300000, 0x00000000fd300000| Untracked 
|  20|0x00000000fd400000, 0x00000000fd400000, 0x00000000fd500000|  0%| F|  |TAMS 0x00000000fd400000, 0x00000000fd400000| Untracked 
|  21|0x00000000fd500000, 0x00000000fd500000, 0x00000000fd600000|  0%| F|  |TAMS 0x00000000fd500000, 0x00000000fd500000| Untracked 
|  22|0x00000000fd600000, 0x00000000fd600000, 0x00000000fd700000|  0%| F|  |TAMS 0x00000000fd600000, 0x00000000fd600000| Untracked 
|  23|0x00000000fd700000, 0x00000000fd700000, 0x00000000fd800000|  0%| F|  |TAMS 0x00000000fd700000, 0x00000000fd700000| Untracked 
|  24|0x00000000fd800000, 0x00000000fd800000, 0x00000000fd900000|  0%| F|  |TAMS 0x00000000fd800000, 0x00000000fd800000| Untracked 
|  25|0x00000000fd900000, 0x00000000fd900000, 0x00000000fda00000|  0%| F|  |TAMS 0x00000000fd900000, 0x00000000fd900000| Untracked 
|  26|0x00000000fda00000, 0x00000000fda00000, 0x00000000fdb00000|  0%| F|  |TAMS 0x00000000fda00000, 0x00000000fda00000| Untracked 
|  27|0x00000000fdb00000, 0x00000000fdb00000, 0x00000000fdc00000|  0%| F|  |TAMS 0x00000000fdb00000, 0x00000000fdb00000| Untracked 
|  28|0x00000000fdc00000, 0x00000000fdc00000, 0x00000000fdd00000|  0%| F|  |TAMS 0x00000000fdc00000, 0x00000000fdc00000| Untracked 
|  29|0x00000000fdd00000, 0x00000000fdd00000, 0x00000000fde00000|  0%| F|  |TAMS 0x00000000fdd00000, 0x00000000fdd00000| Untracked 
|  30|0x00000000fde00000, 0x00000000fde00000, 0x00000000fdf00000|  0%| F|  |TAMS 0x00000000fde00000, 0x00000000fde00000| Untracked 
|  31|0x00000000fdf00000, 0x00000000fdf00000, 0x00000000fe000000|  0%| F|  |TAMS 0x00000000fdf00000, 0x00000000fdf00000| Untracked 
|  32|0x00000000fe000000, 0x00000000fe000000, 0x00000000fe100000|  0%| F|  |TAMS 0x00000000fe000000, 0x00000000fe000000| Untracked 
|  33|0x00000000fe100000, 0x00000000fe100000, 0x00000000fe200000|  0%| F|  |TAMS 0x00000000fe100000, 0x00000000fe100000| Untracked 
|  34|0x00000000fe200000, 0x00000000fe200000, 0x00000000fe300000|  0%| F|  |TAMS 0x00000000fe200000, 0x00000000fe200000| Untracked 
|  35|0x00000000fe300000, 0x00000000fe300000, 0x00000000fe400000|  0%| F|  |TAMS 0x00000000fe300000, 0x00000000fe300000| Untracked 
|  36|0x00000000fe400000, 0x00000000fe400000, 0x00000000fe500000|  0%| F|  |TAMS 0x00000000fe400000, 0x00000000fe400000| Untracked 
|  37|0x00000000fe500000, 0x00000000fe500000, 0x00000000fe600000|  0%| F|  |TAMS 0x00000000fe500000, 0x00000000fe500000| Untracked 
|  38|0x00000000fe600000, 0x00000000fe700000, 0x00000000fe700000|100%| S|CS|TAMS 0x00000000fe600000, 0x00000000fe600000| Complete 
|  39|0x00000000fe700000, 0x00000000fe800000, 0x00000000fe800000|100%| S|CS|TAMS 0x00000000fe700000, 0x00000000fe700000| Complete 
|  40|0x00000000fe800000, 0x00000000fe900000, 0x00000000fe900000|100%| S|CS|TAMS 0x00000000fe800000, 0x00000000fe800000| Complete 
|  41|0x00000000fe900000, 0x00000000fe900000, 0x00000000fea00000|  0%| F|  |TAMS 0x00000000fe900000, 0x00000000fe900000| Untracked 
|  42|0x00000000fea00000, 0x00000000fea00000, 0x00000000feb00000|  0%| F|  |TAMS 0x00000000fea00000, 0x00000000fea00000| Untracked 
|  43|0x00000000feb00000, 0x00000000feb00000, 0x00000000fec00000|  0%| F|  |TAMS 0x00000000feb00000, 0x00000000feb00000| Untracked 
|  44|0x00000000fec00000, 0x00000000fec00000, 0x00000000fed00000|  0%| F|  |TAMS 0x00000000fec00000, 0x00000000fec00000| Untracked 
|  45|0x00000000fed00000, 0x00000000fed00000, 0x00000000fee00000|  0%| F|  |TAMS 0x00000000fed00000, 0x00000000fed00000| Untracked 
|  46|0x00000000fee00000, 0x00000000fee00000, 0x00000000fef00000|  0%| F|  |TAMS 0x00000000fee00000, 0x00000000fee00000| Untracked 
|  47|0x00000000fef00000, 0x00000000fef00000, 0x00000000ff000000|  0%| F|  |TAMS 0x00000000fef00000, 0x00000000fef00000| Untracked 
|  48|0x00000000ff000000, 0x00000000ff000000, 0x00000000ff100000|  0%| F|  |TAMS 0x00000000ff000000, 0x00000000ff000000| Untracked 
|  49|0x00000000ff100000, 0x00000000ff100000, 0x00000000ff200000|  0%| F|  |TAMS 0x00000000ff100000, 0x00000000ff100000| Untracked 
|  50|0x00000000ff200000, 0x00000000ff200000, 0x00000000ff300000|  0%| F|  |TAMS 0x00000000ff200000, 0x00000000ff200000| Untracked 
|  51|0x00000000ff300000, 0x00000000ff300000, 0x00000000ff400000|  0%| F|  |TAMS 0x00000000ff300000, 0x00000000ff300000| Untracked 
|  52|0x00000000ff400000, 0x00000000ff400000, 0x00000000ff500000|  0%| F|  |TAMS 0x00000000ff400000, 0x00000000ff400000| Untracked 
|  53|0x00000000ff500000, 0x00000000ff600000, 0x00000000ff600000|100%| E|  |TAMS 0x00000000ff500000, 0x00000000ff500000| Complete 
|  54|0x00000000ff600000, 0x00000000ff700000, 0x00000000ff700000|100%| E|CS|TAMS 0x00000000ff600000, 0x00000000ff600000| Complete 
|  55|0x00000000ff700000, 0x00000000ff800000, 0x00000000ff800000|100%| E|CS|TAMS 0x00000000ff700000, 0x00000000ff700000| Complete 
|  56|0x00000000ff800000, 0x00000000ff900000, 0x00000000ff900000|100%| E|CS|TAMS 0x00000000ff800000, 0x00000000ff800000| Complete 
|  57|0x00000000ff900000, 0x00000000ffa00000, 0x00000000ffa00000|100%| E|CS|TAMS 0x00000000ff900000, 0x00000000ff900000| Complete 
|  58|0x00000000ffa00000, 0x00000000ffb00000, 0x00000000ffb00000|100%| E|CS|TAMS 0x00000000ffa00000, 0x00000000ffa00000| Complete 
|  59|0x00000000ffb00000, 0x00000000ffc00000, 0x00000000ffc00000|100%| E|CS|TAMS 0x00000000ffb00000, 0x00000000ffb00000| Complete 
|  60|0x00000000ffc00000, 0x00000000ffd00000, 0x00000000ffd00000|100%| E|CS|TAMS 0x00000000ffc00000, 0x00000000ffc00000| Complete 
|  61|0x00000000ffd00000, 0x00000000ffe00000, 0x00000000ffe00000|100%| E|CS|TAMS 0x00000000ffd00000, 0x00000000ffd00000| Complete 
|  62|0x00000000ffe00000, 0x00000000fff00000, 0x00000000fff00000|100%| E|  |TAMS 0x00000000ffe00000, 0x00000000ffe00000| Complete 
|  63|0x00000000fff00000, 0x0000000100000000, 0x0000000100000000|100%| E|CS|TAMS 0x00000000fff00000, 0x00000000fff00000| Complete 

Card table byte_map: [0x0000021058520000,0x0000021058540000] _byte_map_base: 0x0000021057d40000

Marking Bits (Prev, Next): (CMBitMap*) 0x000002105a59d990, (CMBitMap*) 0x000002105a59d9d0
 Prev Bits: [0x0000021071630000, 0x0000021071730000)
 Next Bits: [0x0000021071730000, 0x0000021071830000)

Polling page: 0x00000210584d0000

Metaspace:

Usage:
  Non-class:      3.39 MB used.
      Class:    491.68 KB used.
       Both:      3.87 MB used.

Virtual space:
  Non-class space:       64.00 MB reserved,       3.50 MB (  5%) committed,  1 nodes.
      Class space:        1.00 GB reserved,     576.00 KB ( <1%) committed,  1 nodes.
             Both:        1.06 GB reserved,       4.06 MB ( <1%) committed. 

Chunk freelists:
   Non-Class:  10.53 MB
       Class:  15.42 MB
        Both:  25.95 MB

MaxMetaspaceSize: unlimited
CompressedClassSpaceSize: 1.00 GB
Initial GC threshold: 21.00 MB
Current GC threshold: 21.00 MB
CDS: on
MetaspaceReclaimPolicy: balanced
 - commit_granule_bytes: 65536.
 - commit_granule_words: 8192.
 - virtual_space_node_default_size: 8388608.
 - enlarge_chunks_in_place: 1.
 - new_chunks_are_fully_committed: 0.
 - uncommit_free_chunks: 1.
 - use_allocation_guard: 0.
 - handle_deallocations: 1.


Internal statistics:

num_allocs_failed_limit: 0.
num_arena_births: 18.
num_arena_deaths: 0.
num_vsnodes_births: 2.
num_vsnodes_deaths: 0.
num_space_committed: 65.
num_space_uncommitted: 0.
num_chunks_returned_to_freelist: 0.
num_chunks_taken_from_freelist: 111.
num_chunk_merges: 0.
num_chunk_splits: 73.
num_chunks_enlarged: 65.
num_inconsistent_stats: 0.

CodeHeap 'non-profiled nmethods': size=120000Kb used=436Kb max_used=436Kb free=119563Kb
 bounds [0x0000021069bb0000, 0x0000021069e20000, 0x00000210710e0000]
CodeHeap 'profiled nmethods': size=120000Kb used=1816Kb max_used=1816Kb free=118183Kb
 bounds [0x00000210620e0000, 0x0000021062350000, 0x0000021069610000]
CodeHeap 'non-nmethods': size=5760Kb used=1132Kb max_used=1165Kb free=4627Kb
 bounds [0x0000021069610000, 0x0000021069880000, 0x0000021069bb0000]
 total_blobs=1356 nmethods=940 adapters=329
 compilation: enabled
              stopped_count=0, restarted_count=0
 full_count=0

Compilation events (20 events):
Event: 1.119 Thread 0x00000210743f73b0 nmethod 919 0x0000021062296290 code [0x0000021062296440, 0x0000021062296638]
Event: 1.119 Thread 0x00000210743f73b0  910       3       jdk.internal.org.objectweb.asm.ByteVector::put122 (93 bytes)
Event: 1.119 Thread 0x00000210743f73b0 nmethod 910 0x0000021062296710 code [0x00000210622968c0, 0x0000021062296b48]
Event: 1.122 Thread 0x00000210747a9600  920       4       java.lang.String::startsWith (138 bytes)
Event: 1.126 Thread 0x00000210743f73b0  921       1       jdk.internal.jimage.ImageHeader::getTableLength (5 bytes)
Event: 1.127 Thread 0x00000210743f73b0 nmethod 921 0x0000021069c1ab10 code [0x0000021069c1aca0, 0x0000021069c1ad78]
Event: 1.127 Thread 0x00000210743f73b0  922   !   3       java.nio.DirectIntBufferU::get (34 bytes)
Event: 1.127 Thread 0x00000210743f4e30  924       4       java.util.Objects::requireNonNull (14 bytes)
Event: 1.127 Thread 0x00000210747a9600 nmethod 920 0x0000021069c1ae10 code [0x0000021069c1afa0, 0x0000021069c1b258]
Event: 1.127 Thread 0x00000210743f4e30 nmethod 924 0x0000021069c1b490 code [0x0000021069c1b600, 0x0000021069c1b678]
Event: 1.127 Thread 0x00000210743f73b0 nmethod 922 0x0000021062296d10 code [0x0000021062296f40, 0x0000021062297758]
Event: 1.127 Thread 0x00000210743f73b0  923       3       java.nio.DirectIntBufferU::ix (10 bytes)
Event: 1.128 Thread 0x00000210743f73b0 nmethod 923 0x0000021062297c10 code [0x0000021062297da0, 0x0000021062297eb8]
Event: 1.128 Thread 0x00000210743f4e30  925   !   4       jdk.internal.loader.URLClassPath$JarLoader::getResource (354 bytes)
Event: 1.132 Thread 0x00000210743f73b0  926       3       java.util.jar.Attributes$Name::of (28 bytes)
Event: 1.133 Thread 0x00000210743f73b0 nmethod 926 0x0000021062297f90 code [0x00000210622981a0, 0x0000021062298728]
Event: 1.133 Thread 0x00000210743f73b0  927       3       java.util.jar.Attributes::putValue (13 bytes)
Event: 1.134 Thread 0x00000210743f73b0 nmethod 927 0x0000021062298990 code [0x0000021062298ba0, 0x00000210622993d8]
Event: 1.134 Thread 0x00000210743f73b0  928       3       java.util.jar.Attributes::put (18 bytes)
Event: 1.134 Thread 0x00000210743f73b0 nmethod 928 0x0000021062299690 code [0x0000021062299840, 0x0000021062299c08]

GC Heap History (2 events):
Event: 0.768 GC heap before
{Heap before GC invocations=0 (full 0):
 garbage-first heap   total 65536K, used 22528K [0x00000000fc000000, 0x0000000100000000)
  region size 1024K, 23 young (23552K), 0 survivors (0K)
 Metaspace       used 1844K, committed 1984K, reserved 1114112K
  class space    used 160K, committed 192K, reserved 1048576K
}
Event: 0.774 GC heap after
{Heap after GC invocations=1 (full 0):
 garbage-first heap   total 65536K, used 4944K [0x00000000fc000000, 0x0000000100000000)
  region size 1024K, 3 young (3072K), 3 survivors (3072K)
 Metaspace       used 1844K, committed 1984K, reserved 1114112K
  class space    used 160K, committed 192K, reserved 1048576K
}

Dll operation events (7 events):
Event: 0.009 Loaded shared library C:\Program Files\Eclipse Adoptium\jdk-17.0.15.6-hotspot\bin\java.dll
Event: 0.033 Loaded shared library C:\Program Files\Eclipse Adoptium\jdk-17.0.15.6-hotspot\bin\jsvml.dll
Event: 0.086 Loaded shared library C:\Program Files\Eclipse Adoptium\jdk-17.0.15.6-hotspot\bin\net.dll
Event: 0.134 Loaded shared library C:\Program Files\Eclipse Adoptium\jdk-17.0.15.6-hotspot\bin\nio.dll
Event: 0.137 Loaded shared library C:\Program Files\Eclipse Adoptium\jdk-17.0.15.6-hotspot\bin\zip.dll
Event: 0.144 Loaded shared library C:\Program Files\Eclipse Adoptium\jdk-17.0.15.6-hotspot\bin\verify.dll
Event: 0.594 Loaded shared library C:\Program Files\Eclipse Adoptium\jdk-17.0.15.6-hotspot\bin\jimage.dll

Deoptimization events (20 events):
Event: 1.099 Thread 0x000002105a57b990 Uncommon trap: trap_request=0xffffff45 fr.pc=0x0000021069bd0674 relative=0x00000000000001d4
Event: 1.099 Thread 0x000002105a57b990 Uncommon trap: reason=unstable_if action=reinterpret pc=0x0000021069bd0674 method=java.util.regex.Matcher.reset()Ljava/util/regex/Matcher; @ 47 c2
Event: 1.099 Thread 0x000002105a57b990 DEOPT PACKING pc=0x0000021069bd0674 sp=0x000000f8287fdb60
Event: 1.099 Thread 0x000002105a57b990 DEOPT UNPACKING pc=0x00000210696669a3 sp=0x000000f8287fdae8 mode 2
Event: 1.099 Thread 0x000002105a57b990 Uncommon trap: trap_request=0xffffffde fr.pc=0x0000021069bd0eac relative=0x00000000000003cc
Event: 1.099 Thread 0x000002105a57b990 Uncommon trap: reason=class_check action=maybe_recompile pc=0x0000021069bd0eac method=java.util.regex.Matcher.match(II)Z @ 121 c2
Event: 1.099 Thread 0x000002105a57b990 DEOPT PACKING pc=0x0000021069bd0eac sp=0x000000f8287fdbb0
Event: 1.099 Thread 0x000002105a57b990 DEOPT UNPACKING pc=0x00000210696669a3 sp=0x000000f8287fdb58 mode 2
Event: 1.099 Thread 0x000002105a57b990 Uncommon trap: trap_request=0xffffffde fr.pc=0x0000021069bd0eac relative=0x00000000000003cc
Event: 1.099 Thread 0x000002105a57b990 Uncommon trap: reason=class_check action=maybe_recompile pc=0x0000021069bd0eac method=java.util.regex.Matcher.match(II)Z @ 121 c2
Event: 1.099 Thread 0x000002105a57b990 DEOPT PACKING pc=0x0000021069bd0eac sp=0x000000f8287fdbb0
Event: 1.099 Thread 0x000002105a57b990 DEOPT UNPACKING pc=0x00000210696669a3 sp=0x000000f8287fdb58 mode 2
Event: 1.100 Thread 0x000002105a57b990 Uncommon trap: trap_request=0xffffffde fr.pc=0x0000021069bd0eac relative=0x00000000000003cc
Event: 1.100 Thread 0x000002105a57b990 Uncommon trap: reason=class_check action=maybe_recompile pc=0x0000021069bd0eac method=java.util.regex.Matcher.match(II)Z @ 121 c2
Event: 1.100 Thread 0x000002105a57b990 DEOPT PACKING pc=0x0000021069bd0eac sp=0x000000f8287fda30
Event: 1.100 Thread 0x000002105a57b990 DEOPT UNPACKING pc=0x00000210696669a3 sp=0x000000f8287fd9d8 mode 2
Event: 1.100 Thread 0x000002105a57b990 Uncommon trap: trap_request=0xffffffde fr.pc=0x0000021069bd0eac relative=0x00000000000003cc
Event: 1.100 Thread 0x000002105a57b990 Uncommon trap: reason=class_check action=maybe_recompile pc=0x0000021069bd0eac method=java.util.regex.Matcher.match(II)Z @ 121 c2
Event: 1.100 Thread 0x000002105a57b990 DEOPT PACKING pc=0x0000021069bd0eac sp=0x000000f8287fda30
Event: 1.100 Thread 0x000002105a57b990 DEOPT UNPACKING pc=0x00000210696669a3 sp=0x000000f8287fd9d8 mode 2

Classes loaded (20 events):
Event: 1.123 Loading class java/util/concurrent/BlockingQueue done
Event: 1.123 Loading class java/util/concurrent/LinkedBlockingQueue done
Event: 1.123 Loading class java/util/concurrent/locks/AbstractQueuedSynchronizer$ConditionObject
Event: 1.123 Loading class java/util/concurrent/locks/Condition
Event: 1.123 Loading class java/util/concurrent/locks/Condition done
Event: 1.124 Loading class java/util/concurrent/locks/AbstractQueuedSynchronizer$ConditionObject done
Event: 1.124 Loading class java/util/concurrent/LinkedBlockingQueue$Node
Event: 1.124 Loading class java/util/concurrent/LinkedBlockingQueue$Node done
Event: 1.126 Loading class java/lang/SecurityException
Event: 1.126 Loading class java/lang/SecurityException done
Event: 1.127 Loading class java/net/URLClassLoader$3
Event: 1.127 Loading class java/net/URLClassLoader$3 done
Event: 1.127 Loading class java/net/URLClassLoader$3$1
Event: 1.127 Loading class java/net/URLClassLoader$3$1 done
Event: 1.133 Loading class java/util/MissingResourceException
Event: 1.133 Loading class java/util/MissingResourceException done
Event: 1.133 Loading class java/util/logging/ErrorManager
Event: 1.133 Loading class java/util/logging/ErrorManager done
Event: 1.136 Loading class java/io/StringWriter
Event: 1.136 Loading class java/io/StringWriter done

Classes unloaded (0 events):
No events

Classes redefined (0 events):
No events

Internal exceptions (2 events):
Event: 0.283 Thread 0x000002105a57b990 Exception <a 'java/lang/NoSuchMethodError'{0x00000000ffded400}: 'int java.lang.invoke.DirectMethodHandle$Holder.invokeStaticInit(java.lang.Object, java.lang.Object)'> (0x00000000ffded400) 
thrown [s\src\hotspot\share\interpreter\linkResolver.cpp, line 759]
Event: 1.108 Thread 0x000002105a57b990 Exception <a 'java/lang/NoSuchMethodError'{0x00000000ff669590}: 'void java.lang.invoke.DirectMethodHandle$Holder.invokeStatic(java.lang.Object, java.lang.Object)'> (0x00000000ff669590) 
thrown [s\src\hotspot\share\interpreter\linkResolver.cpp, line 759]

VM Operations (4 events):
Event: 0.140 Executing VM operation: HandshakeAllThreads
Event: 0.140 Executing VM operation: HandshakeAllThreads done
Event: 0.768 Executing VM operation: G1CollectForAllocation
Event: 0.774 Executing VM operation: G1CollectForAllocation done

Memory protections (0 events):
No events

Nmethod flushes (0 events):
No events

Events (13 events):
Event: 0.034 Thread 0x000002105a57b990 Thread added: 0x000002105a57b990
Event: 0.040 Thread 0x000002105a57b990 Thread added: 0x000002105a62ace0
Event: 0.040 Thread 0x000002105a57b990 Thread added: 0x000002105a62bb60
Event: 0.054 Thread 0x000002105a57b990 Thread added: 0x00000210743ee1c0
Event: 0.054 Thread 0x000002105a57b990 Thread added: 0x00000210743efca0
Event: 0.054 Thread 0x000002105a57b990 Thread added: 0x00000210743f2770
Event: 0.054 Thread 0x000002105a57b990 Thread added: 0x00000210743f3130
Event: 0.055 Thread 0x000002105a57b990 Thread added: 0x00000210743f4e30
Event: 0.055 Thread 0x000002105a57b990 Thread added: 0x00000210743f73b0
Event: 0.055 Thread 0x000002105a57b990 Thread added: 0x00000210743f9cd0
Event: 0.081 Thread 0x000002105a57b990 Thread added: 0x0000021074634730
Event: 0.083 Thread 0x000002105a57b990 Thread added: 0x000002107463a6d0
Event: 0.582 Thread 0x00000210743f73b0 Thread added: 0x00000210747a9600


Dynamic libraries:
0x00007ff7124a0000 - 0x00007ff7124ae000 	C:\Program Files\Eclipse Adoptium\jdk-17.0.15.6-hotspot\bin\java.exe
0x00007ffa3a310000 - 0x00007ffa3a504000 	C:\Windows\SYSTEM32\ntdll.dll
0x00007ffa39670000 - 0x00007ffa3972d000 	C:\Windows\System32\KERNEL32.DLL
0x00007ffa37bc0000 - 0x00007ffa37e87000 	C:\Windows\System32\KERNELBASE.dll
0x00007ffa38080000 - 0x00007ffa38180000 	C:\Windows\System32\ucrtbase.dll
0x00007ffa1b0a0000 - 0x00007ffa1b0b7000 	C:\Program Files\Eclipse Adoptium\jdk-17.0.15.6-hotspot\bin\jli.dll
0x00007ffa1b310000 - 0x00007ffa1b32e000 	C:\Program Files\Eclipse Adoptium\jdk-17.0.15.6-hotspot\bin\VCRUNTIME140.dll
0x00007ffa38fb0000 - 0x00007ffa39150000 	C:\Windows\System32\USER32.dll
0x00007ffa37b40000 - 0x00007ffa37b62000 	C:\Windows\System32\win32u.dll
0x00007ffa280e0000 - 0x00007ffa2837a000 	C:\Windows\WinSxS\amd64_microsoft.windows.common-controls_6595b64144ccf1df_6.0.19041.1_none_b555e41d4684ddec\COMCTL32.dll
0x00007ffa387d0000 - 0x00007ffa3886e000 	C:\Windows\System32\msvcrt.dll
0x00007ffa39e10000 - 0x00007ffa39e3a000 	C:\Windows\System32\GDI32.dll
0x00007ffa37ef0000 - 0x00007ffa37ffa000 	C:\Windows\System32\gdi32full.dll
0x00007ffa38180000 - 0x00007ffa3821d000 	C:\Windows\System32\msvcp_win.dll
0x00007ffa39150000 - 0x00007ffa39180000 	C:\Windows\System32\IMM32.DLL
0x00007ffa306e0000 - 0x00007ffa306ec000 	C:\Program Files\Eclipse Adoptium\jdk-17.0.15.6-hotspot\bin\vcruntime140_1.dll
0x00007ffa03ab0000 - 0x00007ffa03b3d000 	C:\Program Files\Eclipse Adoptium\jdk-17.0.15.6-hotspot\bin\msvcp140.dll
0x00007ff9a1560000 - 0x00007ff9a21cb000 	C:\Program Files\Eclipse Adoptium\jdk-17.0.15.6-hotspot\bin\server\jvm.dll
0x00007ffa39cd0000 - 0x00007ffa39d7a000 	C:\Windows\System32\ADVAPI32.dll
0x00007ffa39f70000 - 0x00007ffa3a00b000 	C:\Windows\System32\sechost.dll
0x00007ffa39ba0000 - 0x00007ffa39cc3000 	C:\Windows\System32\RPCRT4.dll
0x00007ffa3a260000 - 0x00007ffa3a2cb000 	C:\Windows\System32\WS2_32.dll
0x00007ffa378d0000 - 0x00007ffa3791b000 	C:\Windows\SYSTEM32\POWRPROF.dll
0x00007ffa31cc0000 - 0x00007ffa31cca000 	C:\Windows\SYSTEM32\VERSION.dll
0x00007ffa26ff0000 - 0x00007ffa27017000 	C:\Windows\SYSTEM32\WINMM.dll
0x00007ffa378b0000 - 0x00007ffa378c2000 	C:\Windows\SYSTEM32\UMPDC.dll
0x00007ffa35a10000 - 0x00007ffa35a23000 	C:\Windows\SYSTEM32\kernel.appcore.dll
0x00007ffa2e650000 - 0x00007ffa2e65a000 	C:\Program Files\Eclipse Adoptium\jdk-17.0.15.6-hotspot\bin\jimage.dll
0x00007ffa26e00000 - 0x00007ffa26fe4000 	C:\Windows\SYSTEM32\DBGHELP.DLL
0x00007ffa24740000 - 0x00007ffa2476c000 	C:\Windows\SYSTEM32\dbgcore.DLL
0x00007ffa38000000 - 0x00007ffa3807f000 	C:\Windows\System32\bcryptPrimitives.dll
0x00007ffa041b0000 - 0x00007ffa041d5000 	C:\Program Files\Eclipse Adoptium\jdk-17.0.15.6-hotspot\bin\java.dll
0x00007ffa039d0000 - 0x00007ffa03aa7000 	C:\Program Files\Eclipse Adoptium\jdk-17.0.15.6-hotspot\bin\jsvml.dll
0x00007ffa38870000 - 0x00007ffa38fa4000 	C:\Windows\System32\SHELL32.dll
0x00007ffa35c10000 - 0x00007ffa3639e000 	C:\Windows\SYSTEM32\windows.storage.dll
0x00007ffa39180000 - 0x00007ffa394d3000 	C:\Windows\System32\combase.dll
0x00007ffa37410000 - 0x00007ffa3743b000 	C:\Windows\SYSTEM32\Wldp.dll
0x00007ffa38540000 - 0x00007ffa385ee000 	C:\Windows\System32\SHCORE.dll
0x00007ffa39610000 - 0x00007ffa39665000 	C:\Windows\System32\shlwapi.dll
0x00007ffa379a0000 - 0x00007ffa379bf000 	C:\Windows\SYSTEM32\profapi.dll
0x00007ffa1b080000 - 0x00007ffa1b099000 	C:\Program Files\Eclipse Adoptium\jdk-17.0.15.6-hotspot\bin\net.dll
0x00007ffa308d0000 - 0x00007ffa309d0000 	C:\Windows\SYSTEM32\WINHTTP.dll
0x0000000180000000 - 0x000000018008c000 	C:\Windows\system32\ASProxy64.dll
0x00007ffa39e40000 - 0x00007ffa39f69000 	C:\Windows\System32\ole32.dll
0x00007ffa3a190000 - 0x00007ffa3a25d000 	C:\Windows\System32\OLEAUT32.dll
0x00007ffa37190000 - 0x00007ffa371fa000 	C:\Windows\SYSTEM32\MSWSOCK.dll
0x00007ffa36e80000 - 0x00007ffa36ebb000 	C:\Windows\SYSTEM32\IPHLPAPI.DLL
0x00007ffa37920000 - 0x00007ffa37951000 	C:\Windows\SYSTEM32\SspiCli.dll
0x00007ffa35550000 - 0x00007ffa355ef000 	C:\Windows\system32\uxtheme.dll
0x00007ffa3a010000 - 0x00007ffa3a0b8000 	C:\Windows\System32\clbcatq.dll
0x00007ffa377a0000 - 0x00007ffa37842000 	C:\Windows\SYSTEM32\sxs.dll
0x00007ffa0e070000 - 0x00007ffa0e086000 	C:\Program Files\Eclipse Adoptium\jdk-17.0.15.6-hotspot\bin\nio.dll
0x00007ffa0dd30000 - 0x00007ffa0dd48000 	C:\Program Files\Eclipse Adoptium\jdk-17.0.15.6-hotspot\bin\zip.dll
0x00007ffa1f540000 - 0x00007ffa1f550000 	C:\Program Files\Eclipse Adoptium\jdk-17.0.15.6-hotspot\bin\verify.dll

dbghelp: loaded successfully - version: 4.0.5 - missing functions: none
symbol engine: initialized successfully - sym options: 0x614 - pdb path: .;C:\Program Files\Eclipse Adoptium\jdk-17.0.15.6-hotspot\bin;C:\Windows\SYSTEM32;C:\Windows\WinSxS\amd64_microsoft.windows.common-controls_6595b64144ccf1df_6.0.19041.1_none_b555e41d4684ddec;C:\Program Files\Eclipse Adoptium\jdk-17.0.15.6-hotspot\bin\server

VM Arguments:
jvm_args: -Xmx64m -Xms64m -Dorg.gradle.appname=gradlew 
java_command: org.gradle.wrapper.GradleWrapperMain --stop
java_class_path (initial): C:\App\BookingAppNative\android\\gradle\wrapper\gradle-wrapper.jar
Launcher Type: SUN_STANDARD

[Global flags]
     intx CICompilerCount                          = 4                                         {product} {ergonomic}
     uint ConcGCThreads                            = 3                                         {product} {ergonomic}
     uint G1ConcRefinementThreads                  = 10                                        {product} {ergonomic}
   size_t G1HeapRegionSize                         = 1048576                                   {product} {ergonomic}
    uintx GCDrainStackTargetSize                   = 64                                        {product} {ergonomic}
   size_t InitialHeapSize                          = 67108864                                  {product} {command line}
   size_t MarkStackSize                            = 4194304                                   {product} {ergonomic}
   size_t MaxHeapSize                              = 67108864                                  {product} {command line}
   size_t MaxNewSize                               = 39845888                                  {product} {ergonomic}
   size_t MinHeapDeltaBytes                        = 1048576                                   {product} {ergonomic}
   size_t MinHeapSize                              = 67108864                                  {product} {command line}
    uintx NonNMethodCodeHeapSize                   = 5839372                                {pd product} {ergonomic}
    uintx NonProfiledCodeHeapSize                  = 122909434                              {pd product} {ergonomic}
    uintx ProfiledCodeHeapSize                     = 122909434                              {pd product} {ergonomic}
    uintx ReservedCodeCacheSize                    = 251658240                              {pd product} {ergonomic}
     bool SegmentedCodeCache                       = true                                      {product} {ergonomic}
   size_t SoftMaxHeapSize                          = 67108864                               {manageable} {ergonomic}
     bool UseCompressedClassPointers               = true                           {product lp64_product} {ergonomic}
     bool UseCompressedOops                        = true                           {product lp64_product} {ergonomic}
     bool UseG1GC                                  = true                                      {product} {ergonomic}
     bool UseLargePagesIndividualAllocation        = false                                  {pd product} {ergonomic}

Logging:
Log output configuration:
 #0: stdout all=warning uptime,level,tags
 #1: stderr all=off uptime,level,tags

Environment Variables:
JAVA_HOME=C:\Program Files\Eclipse Adoptium\jdk-17.0.15.6-hotspot
CLASSPATH=C:\App\BookingAppNative\android\\gradle\wrapper\gradle-wrapper.jar
PATH=C:\App\BookingAppNative\node_modules\.bin;C:\App\BookingAppNative\node_modules\.bin;C:\App\node_modules\.bin;C:\node_modules\.bin;C:\Users\d\AppData\Local\nvm\v20.19.5\node_modules\npm\node_modules\@npmcli\run-script\lib\node-gyp-bin;C:\Program Files (x86)\VMware\VMware Workstation\bin\;C:\Program Files\Eclipse Adoptium\jdk-17.0.15.6-hotspot\bin;C:\Windows\system32;C:\Windows;C:\Windows\System32\Wbem;C:\Windows\System32\WindowsPowerShell\v1.0\;C:\Windows\System32\OpenSSH\;C:\Users\d\AppData\Local\nvm;C:\nvm4w\nodejs;C:\Users\d\AppData\Local\Android\Sdk\platform-tools;C:\Program Files\PostgreSQL\17\bin;c:\Users\d\AppData\Local\Programs\cursor\resources\app\bin;C:\Program Files\Git\cmd;C:\Program Files\dotnet\;C:\Program Files\PuTTY\;C:\Users\d\AppData\Local\Programs\Python\Python313\Scripts\;C:\Users\d\AppData\Local\Programs\Python\Python313\;C:\Program Files\nodejs\;C:\Users\d\AppData\Local\Programs\Python\Python313\Scripts\;C:\Users\d\AppData\Local\Programs\Python\Python313\;C:\Users\d\AppData\Local\Android\Sdk\tools;C:\Users\d\AppData\Local\Microsoft\WindowsApps;C:\Users\d\AppData\Local\Programs\Microsoft VS Code\bin;C:\Users\d\AppData\Local\nvm;C:\nvm4w\nodejs;C:\Users\d\AppData\Local\Android\Sdk\emulator;C:\Users\d\AppData\Local\Android\Sdk\platform-tools;C:\Users\d\AppData\Local\Android\Sdk\tools;C:\Users\d\AppData\Local\Android\Sdk\tools\bin;C:\Users\d\AppData\Local\Programs\cursor\resources\app\bin;C:\Users\d\AppData\Roaming\npm
USERNAME=d
LANG=en_US.UTF-8
OS=Windows_NT
PROCESSOR_IDENTIFIER=Intel64 Family 6 Model 158 Stepping 10, GenuineIntel
TMP=C:\Users\d\AppData\Local\Temp
TEMP=C:\Users\d\AppData\Local\Temp



Periodic native trim disabled


---------------  S Y S T E M  ---------------

OS:
 Windows 10 , 64 bit Build 19041 (10.0.19041.292)
OS uptime: 4 days 7:31 hours

CPU: total 12 (initial active 12) (6 cores per cpu, 2 threads per core) family 6 model 158 stepping 10 microcode 0xb4, cx8, cmov, fxsr, ht, mmx, 3dnowpref, sse, sse2, sse3, ssse3, sse4.1, sse4.2, popcnt, lzcnt, tsc, tscinvbit, avx, avx2, aes, erms, clmul, bmi1, bmi2, rtm, adx, fma, vzeroupper, clflush, clflushopt
Processor Information for all 12 processors :
  Max Mhz: 3192, Current Mhz: 3192, Mhz Limit: 3192

Memory: 4k page, system-wide physical 32591M (504M free)
TotalPageFile size 63062M (AvailPageFile size 188M)
current process WorkingSet (physical memory assigned to process): 87M, peak: 87M
current process commit charge ("private bytes"): 167M, peak: 167M

vm_info: OpenJDK 64-Bit Server VM (17.0.15+6) for windows-amd64 JRE (17.0.15+6), built on Apr 15 2025 21:25:47 by "admin" with MS VC++ 17.7 (VS2022)

END.
